Component: ARM Compiler 5.06 update 6 (build 750) Tool: armlink [4d35ed]

==============================================================================

Section Cross References

    stm32h743i_eval_io.o(i.BSP_IOEXPANDER_DeInit) refers to stm32h743i_eval_io.o(.data) for IO_Ctx
    stm32h743i_eval_io.o(i.BSP_IOEXPANDER_DeInit) refers to stm32h743i_eval_io.o(.bss) for Io_CompObj
    stm32h743i_eval_io.o(i.BSP_IOEXPANDER_ITConfig) refers to stm32h7xx_hal_gpio.o(i.HAL_GPIO_Init) for HAL_GPIO_Init
    stm32h743i_eval_io.o(i.BSP_IOEXPANDER_ITConfig) refers to stm32h7xx_hal_exti.o(i.HAL_EXTI_GetHandle) for HAL_EXTI_GetHandle
    stm32h743i_eval_io.o(i.BSP_IOEXPANDER_ITConfig) refers to stm32h7xx_hal_exti.o(i.HAL_EXTI_RegisterCallback) for HAL_EXTI_RegisterCallback
    stm32h743i_eval_io.o(i.BSP_IOEXPANDER_ITConfig) refers to stm32h7xx_hal_cortex.o(i.HAL_NVIC_SetPriority) for HAL_NVIC_SetPriority
    stm32h743i_eval_io.o(i.BSP_IOEXPANDER_ITConfig) refers to stm32h7xx_hal_cortex.o(i.HAL_NVIC_EnableIRQ) for HAL_NVIC_EnableIRQ
    stm32h743i_eval_io.o(i.BSP_IOEXPANDER_ITConfig) refers to stm32h743i_eval_io.o(.data) for mfx_io_it_enabled
    stm32h743i_eval_io.o(i.BSP_IOEXPANDER_ITConfig) refers to stm32h743i_eval_io.o(i.IO_EXTI_Callback) for IO_EXTI_Callback
    stm32h743i_eval_io.o(i.BSP_IOEXPANDER_Init) refers to stm32h743i_eval_io.o(i.MFXSTM32L152_Probe) for MFXSTM32L152_Probe
    stm32h743i_eval_io.o(i.BSP_IOEXPANDER_Init) refers to stm32h743i_eval_io.o(.data) for IO_Ctx
    stm32h743i_eval_io.o(i.BSP_IOEXPANDER_Init) refers to mfxstm32l152.o(.data) for MFXSTM32L152_IO_Driver
    stm32h743i_eval_io.o(i.BSP_IO_ClearIT) refers to stm32h743i_eval_io.o(.data) for IO_Ctx
    stm32h743i_eval_io.o(i.BSP_IO_ClearIT) refers to stm32h743i_eval_io.o(.bss) for Io_CompObj
    stm32h743i_eval_io.o(i.BSP_IO_DeInit) refers to stm32h743i_eval_io.o(i.BSP_IOEXPANDER_DeInit) for BSP_IOEXPANDER_DeInit
    stm32h743i_eval_io.o(i.BSP_IO_DeInit) refers to stm32h743i_eval_io.o(.data) for IO_Ctx
    stm32h743i_eval_io.o(i.BSP_IO_GetIT) refers to stm32h743i_eval_io.o(.data) for IO_Ctx
    stm32h743i_eval_io.o(i.BSP_IO_GetIT) refers to stm32h743i_eval_io.o(.bss) for Io_CompObj
    stm32h743i_eval_io.o(i.BSP_IO_IRQHandler) refers to stm32h7xx_hal_exti.o(i.HAL_EXTI_IRQHandler) for HAL_EXTI_IRQHandler
    stm32h743i_eval_io.o(i.BSP_IO_IRQHandler) refers to stm32h743i_eval_io.o(.data) for hio_exti
    stm32h743i_eval_io.o(i.BSP_IO_Init) refers to stm32h743i_eval_io.o(i.BSP_IOEXPANDER_Init) for BSP_IOEXPANDER_Init
    stm32h743i_eval_io.o(i.BSP_IO_Init) refers to stm32h743i_eval_io.o(i.BSP_IOEXPANDER_ITConfig) for BSP_IOEXPANDER_ITConfig
    stm32h743i_eval_io.o(i.BSP_IO_Init) refers to stm32h743i_eval_io.o(.data) for IO_Ctx
    stm32h743i_eval_io.o(i.BSP_IO_Init) refers to stm32h743i_eval_io.o(.bss) for Io_CompObj
    stm32h743i_eval_io.o(i.BSP_IO_ReadPin) refers to stm32h743i_eval_io.o(.data) for IO_Ctx
    stm32h743i_eval_io.o(i.BSP_IO_ReadPin) refers to stm32h743i_eval_io.o(.bss) for Io_CompObj
    stm32h743i_eval_io.o(i.BSP_IO_TogglePin) refers to stm32h743i_eval_io.o(.data) for IO_Ctx
    stm32h743i_eval_io.o(i.BSP_IO_TogglePin) refers to stm32h743i_eval_io.o(.bss) for Io_CompObj
    stm32h743i_eval_io.o(i.BSP_IO_WritePin) refers to stm32h743i_eval_io.o(.data) for IO_Ctx
    stm32h743i_eval_io.o(i.BSP_IO_WritePin) refers to stm32h743i_eval_io.o(.bss) for Io_CompObj
    stm32h743i_eval_io.o(i.IO_EXTI_Callback) refers to stm32h743i_eval_io.o(i.BSP_IO_Callback) for BSP_IO_Callback
    stm32h743i_eval_io.o(i.MFXSTM32L152_Probe) refers to mfxstm32l152.o(i.MFXSTM32L152_RegisterBusIO) for MFXSTM32L152_RegisterBusIO
    stm32h743i_eval_io.o(i.MFXSTM32L152_Probe) refers to mfxstm32l152.o(i.MFXSTM32L152_ReadID) for MFXSTM32L152_ReadID
    stm32h743i_eval_io.o(i.MFXSTM32L152_Probe) refers to mfxstm32l152.o(i.MFXSTM32L152_Init) for MFXSTM32L152_Init
    stm32h743i_eval_io.o(i.MFXSTM32L152_Probe) refers to stm32h743i_eval_bus.o(i.BSP_I2C1_Init) for BSP_I2C1_Init
    stm32h743i_eval_io.o(i.MFXSTM32L152_Probe) refers to stm32h743i_eval_bus.o(i.BSP_I2C1_DeInit) for BSP_I2C1_DeInit
    stm32h743i_eval_io.o(i.MFXSTM32L152_Probe) refers to stm32h743i_eval_bus.o(i.BSP_I2C1_ReadReg) for BSP_I2C1_ReadReg
    stm32h743i_eval_io.o(i.MFXSTM32L152_Probe) refers to stm32h743i_eval_bus.o(i.BSP_I2C1_WriteReg) for BSP_I2C1_WriteReg
    stm32h743i_eval_io.o(i.MFXSTM32L152_Probe) refers to stm32h743i_eval_bus.o(i.BSP_GetTick) for BSP_GetTick
    stm32h743i_eval_io.o(i.MFXSTM32L152_Probe) refers to stm32h743i_eval_io.o(.bss) for Io_CompObj
    stm32h743i_eval.o(i.ADC1_MspDeInit) refers to stm32h7xx_hal_gpio.o(i.HAL_GPIO_DeInit) for HAL_GPIO_DeInit
    stm32h743i_eval.o(i.ADC1_MspInit) refers to stm32h7xx_hal_gpio.o(i.HAL_GPIO_Init) for HAL_GPIO_Init
    stm32h743i_eval.o(i.BSP_COM_DeInit) refers to stm32h743i_eval.o(i.USART1_MspDeInit) for USART1_MspDeInit
[...]
    i.HAL_DMA_IRQHandler                     0x08101948   Section        0  stm32h7xx_hal_dma.o(i.HAL_DMA_IRQHandler)
    i.HAL_GetREVID                           0x08102440   Section        0  stm32h7xx_hal.o(i.HAL_GetREVID)
    i.HAL_GetTick                            0x0810244c   Section        0  stm32h7xx_hal.o(i.HAL_GetTick)
    i.HAL_I2C_AbortCpltCallback              0x08102458   Section        0  stm32h7xx_hal_i2c.o(i.HAL_I2C_AbortCpltCallback)
    i.HAL_I2C_Init                           0x0810245c   Section        0  stm32h7xx_hal_i2c.o(i.HAL_I2C_Init)
    i.HAL_I2C_ListenCpltCallback             0x08102520   Section        0  stm32h7xx_hal_i2c.o(i.HAL_I2C_ListenCpltCallback)
    i.HAL_I2C_Mem_Read                       0x08102524   Section        0  stm32h7xx_hal_i2c.o(i.HAL_I2C_Mem_Read)
    i.HAL_I2C_Mem_Write                      0x081026c4   Section        0  stm32h7xx_hal_i2c.o(i.HAL_I2C_Mem_Write)
    i.HAL_I2C_MspInit                        0x0810285c   Section        0  stm32h7xx_hal_msp.o(i.HAL_I2C_MspInit)
    i.HAL_I2C_SlaveTxCpltCallback            0x08102914   Section        0  stm32h7xx_hal_i2c.o(i.HAL_I2C_SlaveTxCpltCallback)
    i.HAL_IncTick                            0x08102918   Section        0  stm32h7xx_hal.o(i.HAL_IncTick)
    i.HAL_Init                               0x08102930   Section        0  stm32h7xx_hal.o(i.HAL_Init)
    i.HAL_MspInit                            0x08102990   Section        0  stm32h7xx_hal.o(i.HAL_MspInit)
    i.HAL_NVIC_EnableIRQ                     0x08102992   Section        0  stm32h7xx_hal_cortex.o(i.HAL_NVIC_EnableIRQ)
    i.HAL_NVIC_SetPriority                   0x081029b2   Section        0  stm32h7xx_hal_cortex.o(i.HAL_NVIC_SetPriority)
    i.HAL_NVIC_SetPriorityGrouping           0x08102a2c   Section        0  stm32h7xx_hal_cortex.o(i.HAL_NVIC_SetPriorityGrouping)
    i.HAL_RCCEx_GetD3PCLK1Freq               0x08102a54   Section        0  stm32h7xx_hal_rcc_ex.o(i.HAL_RCCEx_GetD3PCLK1Freq)
    i.HAL_RCCEx_GetPLL1ClockFreq             0x08102a78   Section        0  stm32h7xx_hal_rcc_ex.o(i.HAL_RCCEx_GetPLL1ClockFreq)
    i.HAL_RCCEx_GetPLL3ClockFreq             0x08102ca8   Section        0  stm32h7xx_hal_rcc_ex.o(i.HAL_RCCEx_GetPLL3ClockFreq)
    i.HAL_RCC_GetPCLK1Freq                   0x08102ed8   Section        0  stm32h7xx_hal_rcc.o(i.HAL_RCC_GetPCLK1Freq)
    i.HAL_SPI_Init                           0x08102efc   Section        0  stm32h7xx_hal_spi.o(i.HAL_SPI_Init)
    i.HAL_SYSTICK_Config                     0x0810315c   Section        0  stm32h7xx_hal_cortex.o(i.HAL_SYSTICK_Config)
    i.HAL_UARTEx_TxFifoEmptyCallback         0x08103190   Section        0  stm32h7xx_hal_uart_ex.o(i.HAL_UARTEx_TxFifoEmptyCallback)
    i.HAL_UART_IRQHandler                    0x08103194   Section        0  stm32h7xx_hal_uart.o(i.HAL_UART_IRQHandler)
    i.HAL_UART_Transmit_IT                   0x081033a0   Section        0  stm32h7xx_hal_uart.o(i.HAL_UART_Transmit_IT)
    i.HardFault_Handler                      0x08103458   Section        0  stm32h7xx_it.o(i.HardFault_Handler)
    i.I2C1_EV_IRQHandler                     0x0810345c   Section        0  stm32h7xx_it.o(i.I2C1_EV_IRQHandler)
    i.I2C_Disable_IRQ                        0x0810346c   Section        0  stm32h7xx_hal_i2c.o(i.I2C_Disable_IRQ)
    I2C_Disable_IRQ                          0x0810346d   Thumb Code   110  stm32h7xx_hal_i2c.o(i.I2C_Disable_IRQ)
    i.I2C_ITError                            0x081034dc   Section        0  stm32h7xx_hal_i2c.o(i.I2C_ITError)
    I2C_ITError                              0x081034dd   Thumb Code   280  stm32h7xx_hal_i2c.o(i.I2C_ITError)
    i.I2C_ITListenCplt                       0x08103600   Section        0  stm32h7xx_hal_i2c.o(i.I2C_ITListenCplt)
    I2C_ITListenCplt                         0x08103601   Thumb Code   106  stm32h7xx_hal_i2c.o(i.I2C_ITListenCplt)
    i.I2C_RequestMemoryRead                  0x08103670   Section        0  stm32h7xx_hal_i2c.o(i.I2C_RequestMemoryRead)
    I2C_RequestMemoryRead                    0x08103671   Thumb Code   118  stm32h7xx_hal_i2c.o(i.I2C_RequestMemoryRead)
    i.I2C_Slave_ISR_IT                       0x081036ec   Section        0  stm32h7xx_hal_i2c.o(i.I2C_Slave_ISR_IT)
    I2C_Slave_ISR_IT                         0x081036ed   Thumb Code   328  stm32h7xx_hal_i2c.o(i.I2C_Slave_ISR_IT)
    i.I2C_TransferConfig                     0x08103834   Section        0  stm32h7xx_hal_i2c.o(i.I2C_TransferConfig)
    I2C_TransferConfig                       0x08103835   Thumb Code    52  stm32h7xx_hal_i2c.o(i.I2C_TransferConfig)
    i.I2C_TreatErrorCallback                 0x08103868   Section        0  stm32h7xx_hal_i2c.o(i.I2C_TreatErrorCallback)
    I2C_TreatErrorCallback                   0x08103869   Thumb Code    58  stm32h7xx_hal_i2c.o(i.I2C_TreatErrorCallback)
    i.I2C_WaitOnFlagUntilTimeout             0x081038a2   Section        0  stm32h7xx_hal_i2c.o(i.I2C_WaitOnFlagUntilTimeout)
    I2C_WaitOnFlagUntilTimeout               0x081038a3   Thumb Code    94  stm32h7xx_hal_i2c.o(i.I2C_WaitOnFlagUntilTimeout)
    i.I2C_WaitOnSTOPFlagUntilTimeout         0x08103900   Section        0  stm32h7xx_hal_i2c.o(i.I2C_WaitOnSTOPFlagUntilTimeout)
    I2C_WaitOnSTOPFlagUntilTimeout           0x08103901   Thumb Code    86  stm32h7xx_hal_i2c.o(i.I2C_WaitOnSTOPFlagUntilTimeout)
    i.INTflash                               0x08103958   Section        0  flash.o(i.INTflash)
    i.KEY_ADC_Value                          0x08103c68   Section        0  key.o(i.KEY_ADC_Value)
    i.LCD_DISPAY_CHANGE                      0x08103f38   Section        0  lcd.o(i.LCD_DISPAY_CHANGE)
    i.LL_ADC_Enable                          0x08103f4c   Section        0  stm32h7xx_hal_adc.o(i.LL_ADC_Enable)
    LL_ADC_Enable                            0x08103f4d   Thumb Code    12  stm32h7xx_hal_adc.o(i.LL_ADC_Enable)
    i.LL_ADC_GetMultimode                    0x08103f5c   Section        0  stm32h7xx_hal_adc.o(i.LL_ADC_GetMultimode)
    LL_ADC_GetMultimode                      0x08103f5d   Thumb Code    10  stm32h7xx_hal_adc.o(i.LL_ADC_GetMultimode)
    i.LL_ADC_IsDisableOngoing                0x08103f66   Section        0  stm32h7xx_hal_adc.o(i.LL_ADC_IsDisableOngoing)
    LL_ADC_IsDisableOngoing                  0x08103f67   Thumb Code    10  stm32h7xx_hal_adc.o(i.LL_ADC_IsDisableOngoing)
    i.LL_ADC_IsInternalRegulatorEnabled      0x08103f70   Section        0  stm32h7xx_hal_adc.o(i.LL_ADC_IsInternalRegulatorEnabled)
    LL_ADC_IsInternalRegulatorEnabled        0x08103f71   Thumb Code    10  stm32h7xx_hal_adc.o(i.LL_ADC_IsInternalRegulatorEnabled)
    i.LL_ADC_SetChannelSamplingTime          0x08103f7a   Section        0  stm32h7xx_hal_adc.o(i.LL_ADC_SetChannelSamplingTime)
    LL_ADC_SetChannelSamplingTime            0x08103f7b   Thumb Code    40  stm32h7xx_hal_adc.o(i.LL_ADC_SetChannelSamplingTime)
    i.LL_ADC_SetCommonPathInternalCh         0x08103fa2   Section        0  stm32h7xx_hal_adc.o(i.LL_ADC_SetCommonPathInternalCh)
    LL_ADC_SetCommonPathInternalCh           0x08103fa3   Thumb Code    12  stm32h7xx_hal_adc.o(i.LL_ADC_SetCommonPathInternalCh)
    i.Lcd_Delay                              0x08103fae   Section        0  lcd.o(i.Lcd_Delay)
    i.Lcd_Display_State                      0x08103fbc   Section        0  lcd.o(i.Lcd_Display_State)
    i.Lcd_Display_Uint                       0x08103ff8   Section        0  lcd.o(i.Lcd_Display_Uint)
    i.Lcd_INT1621                            0x08104080   Section        0  lcd.o(i.Lcd_INT1621)
    i.Lcd_Int                                0x081040d4   Section        0  lcd.o(i.Lcd_Int)
    i.Lcd_Send_1621data                      0x08104100   Section        0  lcd.o(i.Lcd_Send_1621data)
    i.Lcd_Send_Buf                           0x08104150   Section        0  lcd.o(i.Lcd_Send_Buf)
    i.M24C64_Read                            0x081041ac   Section        0  flash.o(i.M24C64_Read)
    i.M24C64_Read_double                     0x081041d0   Section        0  flash.o(i.M24C64_Read_double)
    i.MODE_DATA_PROCESS                      0x08104250   Section        0  math.o(i.MODE_DATA_PROCESS)
    i.MX_Cpld_Init                           0x08104318   Section        0  cpld.o(i.MX_Cpld_Init)
    i.MX_Lcd_Init                            0x081043c0   Section        0  lcd.o(i.MX_Lcd_Init)
    i.MX_USART3_UART_Init                    0x081043f8   Section        0  uart.o(i.MX_USART3_UART_Init)
    i.MX_USART5_UART_Init                    0x08104440   Section        0  uart.o(i.MX_USART5_UART_Init)
    i.MX_USART8_UART_Init                    0x08104488   Section        0  uart.o(i.MX_USART8_UART_Init)
    i.NMI_Handler                            0x081044d0   Section        0  stm32h7xx_it.o(i.NMI_Handler)
    i.SPI_GetPacketSize                      0x081044d2   Section        0  stm32h7xx_hal_spi.o(i.SPI_GetPacketSize)
    SPI_GetPacketSize                        0x081044d3   Thumb Code    26  stm32h7xx_hal_spi.o(i.SPI_GetPacketSize)
    i.SVC_Handler                            0x081044ec   Section        0  stm32h7xx_it.o(i.SVC_Handler)
    i.SysTick_Handler                        0x081044ee   Section        0  stm32h7xx_it.o(i.SysTick_Handler)
    i.SystemClock_Config                     0x081044f8   Section        0  main.o(i.SystemClock_Config)
    SystemClock_Config                       0x081044f9   Thumb Code   198  main.o(i.SystemClock_Config)
    i.SystemInit                             0x081045c8   Section        0  system_stm32h7xx.o(i.SystemInit)
    i.UART4_IRQHandler                       0x08104678   Section        0  stm32h7xx_it.o(i.UART4_IRQHandler)
    i.UART7_IRQHandler                       0x0810468c   Section        0  stm32h7xx_it.o(i.UART7_IRQHandler)
    i.UART_AdvFeatureConfig                  0x081046a0   Section        0  stm32h7xx_hal_uart.o(i.UART_AdvFeatureConfig)
    i.UART_CheckIdleState                    0x08104798   Section        0  stm32h7xx_hal_uart.o(i.UART_CheckIdleState)
    i.UART_DMAAbortOnError                   0x0810480c   Section        0  stm32h7xx_hal_uart.o(i.UART_DMAAbortOnError)
    UART_DMAAbortOnError                     0x0810480d   Thumb Code    24  stm32h7xx_hal_uart.o(i.UART_DMAAbortOnError)
    i.UART_EndRxTransfer                     0x08104824   Section        0  stm32h7xx_hal_uart.o(i.UART_EndRxTransfer)
    UART_EndRxTransfer                       0x08104825   Thumb Code    36  stm32h7xx_hal_uart.o(i.UART_EndRxTransfer)
    i.UART_SetConfig                         0x0810484c   Section        0  stm32h7xx_hal_uart.o(i.UART_SetConfig)
    i.UART_TxISR_16BIT                       0x08104de8   Section        0  stm32h7xx_hal_uart.o(i.UART_TxISR_16BIT)
    UART_TxISR_16BIT                         0x08104de9   Thumb Code    70  stm32h7xx_hal_uart.o(i.UART_TxISR_16BIT)
    i.UART_WaitOnFlagUntilTimeout            0x08104e2e   Section        0  stm32h7xx_hal_uart.o(i.UART_WaitOnFlagUntilTimeout)
    i.USART2_IRQHandler                      0x08104eec   Section        0  stm32h7xx_it.o(i.USART2_IRQHandler)
    i.USART6_IRQHandler                      0x08104f00   Section        0  stm32h7xx_it.o(i.USART6_IRQHandler)
    i.UsageFault_Handler                     0x08104f14   Section        0  stm32h7xx_it.o(i.UsageFault_Handler)
    i.__hardfp_pow                           0x08104f18   Section        0  pow.o(i.__hardfp_pow)
    i.__mathlib_dbl_divzero                  0x08105810   Section        0  dunder.o(i.__mathlib_dbl_divzero)
    i.__mathlib_dbl_invalid                  0x08105830   Section        0  dunder.o(i.__mathlib_dbl_invalid)
    i.__mathlib_dbl_underflow                0x08105848   Section        0  dunder.o(i.__mathlib_dbl_underflow)
    i.wt_filter                              0x08105860   Section        0  math.o(i.wt_filter)
    i.wt_line                                0x08105bd4   Section        0  math.o(i.wt_line)
    .constdata                               0x08105ce4   Section       16  system_stm32h7xx.o(.constdata)
    .constdata                               0x08105cf8   Section        8  qnan.o(.constdata)
    .data                                    0x24000000   Section        9  stm32h7xx_hal.o(.data)
    .data                                    0x2400000c   Section        8  system_stm32h7xx.o(.data)
    .data                                    0x24000014   Section      180  main.o(.data)
    .data                                    0x240000c8   Section      140  flash.o(.data)
    .data                                    0x24000154   Section        2  cpld.o(.data)
    i                                        0x24000154   Data           1  cpld.o(.data)
    count_h                                  0x24000155   Data           1  cpld.o(.data)
    .data                                    0x24000156   Section        5  lcd.o(.data)
    .data                                    0x2400015b   Section      512  modbus.o(.data)
    .data                                    0x2400035b   Section        5  key.o(.data)
    .data                                    0x24000360   Section       42  display_function.o(.data)
    .data                                    0x2400038c   Section       94  math.o(.data)
    .data                                    0x240003ea   Section      365  ical_motor.o(.data)
    .data                                    0x24000558   Section        4  errno.o(.data)
    _errno                                   0x24000558   Data           4  errno.o(.data)
    .bss                                     0x24000560   Section      256  main.o(.bss)
    .bss                                     0x24000660   Section      980  uart.o(.bss)
    .bss                                     0x24000a34   Section      128  adc.o(.bss)
    .bss                                     0x24000ab4   Section       76  i2c.o(.bss)
    .bss                                     0x24000b00   Section      136  spi.o(.bss)
    .bss                                     0x24000b88   Section     3536  flash.o(.bss)
    .bss                                     0x24001958   Section      256  modbus.o(.bss)
    send_buf                                 0x24001958   Data         256  modbus.o(.bss)
    .bss                                     0x24001a58   Section      576  ical_motor.o(.bss)
    STACK                                    0x24001c98   Section     1024  startup_stm32h743xx.o(STACK)

    Global Symbols

    Symbol Name                              Value     Ov Type        Size  Object(Section)

    BuildAttributes$$THM_ISAv4$E$P$D$K$B$S$7EM$VFPv5_D16$PE$PLD8$A:L22UL41UL21$X:L11$S22US41US21$IEEE1$IW$USESV6$~STKCKD$USESV7$~SHL$OTIME$ROPI$IEEEX$EBA8$MICROLIB$REQ8$PRES8$EABIv2 0x00000000   Number         0  anon$$obj.o ABSOLUTE
    __ARM_use_no_argv                        0x00000000   Number         0  main.o ABSOLUTE
    __cpp_initialize__aeabi_                  - Undefined Weak Reference
    __cxa_finalize                            - Undefined Weak Reference
    _clock_init                               - Undefined Weak Reference
    _microlib_exit                            - Undefined Weak Reference
    __Vectors_Size                           0x00000298   Number         0  startup_stm32h743xx.o ABSOLUTE
    __Vectors                                0x08000000   Data           4  startup_stm32h743xx.o(RESET)
    __Vectors_End                            0x08000298   Data           0  startup_stm32h743xx.o(RESET)
    __main                                   0x08000299   Thumb Code     0  entry.o(.ARM.Collect$$$$00000000)
    _main_stk                                0x08000299   Thumb Code     0  entry2.o(.ARM.Collect$$$$00000001)
    _main_scatterload                        0x0800029d   Thumb Code     0  entry5.o(.ARM.Collect$$$$00000004)
    __main_after_scatterload                 0x080002a1   Thumb Code     0  entry5.o(.ARM.Collect$$$$00000004)
    _main_clock                              0x080002a1   Thumb Code     0  entry7b.o(.ARM.Collect$$$$00000008)
    _main_cpp_init                           0x080002a1   Thumb Code     0  entry8b.o(.ARM.Collect$$$$0000000A)
    _main_init                               0x080002a1   Thumb Code     0  entry9a.o(.ARM.Collect$$$$0000000B)
    __rt_final_cpp                           0x080002a9   Thumb Code     0  entry10a.o(.ARM.Collect$$$$0000000D)
    __rt_final_exit                          0x080002a9   Thumb Code     0  entry11a.o(.ARM.Collect$$$$0000000F)
    Reset_Handler                            0x080002ad   Thumb Code     8  startup_stm32h743xx.o(.text)
    ADC3_IRQHandler                          0x080002c7   Thumb Code     0  startup_stm32h743xx.o(.text)
    ADC_IRQHandler                           0x080002c7   Thumb Code     0  startup_stm32h743xx.o(.text)
    BDMA_Channel0_IRQHandler                 0x080002c7   Thumb Code     0  startup_stm32h743xx.o(.text)
    BDMA_Channel1_IRQHandler                 0x080002c7   Thumb Code     0  startup_stm32h743xx.o(.text)
    BDMA_Channel2_IRQHandler                 0x080002c7   Thumb Code     0  startup_stm32h743xx.o(.text)
    BDMA_Channel3_IRQHandler                 0x080002c7   Thumb Code     0  startup_stm32h743xx.o(.text)
    BDMA_Channel4_IRQHandler                 0x080002c7   Thumb Code     0  startup_stm32h743xx.o(.text)
    BDMA_Channel5_IRQHandler                 0x080002c7   Thumb Code     0  startup_stm32h743xx.o(.text)
    BDMA_Channel6_IRQHandler                 0x080002c7   Thumb Code     0  startup_stm32h743xx.o(.text)
    BDMA_Channel7_IRQHandler                 0x080002c7   Thumb Code     0  startup_stm32h743xx.o(.text)
    CEC_IRQHandler                           0x080002c7   Thumb Code     0  startup_stm32h743xx.o(.text)
    COMP1_IRQHandler                         0x080002c7   Thumb Code     0  startup_stm32h743xx.o(.text)
    CRS_IRQHandler                           0x080002c7   Thumb Code     0  startup_stm32h743xx.o(.text)
    DCMI_IRQHandler                          0x080002c7   Thumb Code     0  startup_stm32h743xx.o(.text)
    DFSDM1_FLT0_IRQHandler                   0x080002c7   Thumb Code     0  startup_stm32h743xx.o(.text)
    DFSDM1_FLT1_IRQHandler                   0x080002c7   Thumb Code     0  startup_stm32h743xx.o(.text)
    DFSDM1_FLT2_IRQHandler                   0x080002c7   Thumb Code     0  startup_stm32h743xx.o(.text)
    DFSDM1_FLT3_IRQHandler                   0x080002c7   Thumb Code     0  startup_stm32h743xx.o(.text)
    DMA1_Stream0_IRQHandler                  0x080002c7   Thumb Code     0  startup_stm32h743xx.o(.text)
    DMA1_Stream1_IRQHandler                  0x080002c7   Thumb Code     0  startup_stm32h743xx.o(.text)
    DMA1_Stream2_IRQHandler                  0x080002c7   Thumb Code     0  startup_stm32h743xx.o(.text)
    DMA1_Stream3_IRQHandler                  0x080002c7   Thumb Code     0  startup_stm32h743xx.o(.text)
    DMA1_Stream4_IRQHandler                  0x080002c7   Thumb Code     0  startup_stm32h743xx.o(.text)
    DMA1_Stream7_IRQHandler                  0x080002c7   Thumb Code     0  startup_stm32h743xx.o(.text)
    DMA2D_IRQHandler                         0x080002c7   Thumb Code     0  startup_stm32h743xx.o(.text)
    DMA2_Stream0_IRQHandler                  0x080002c7   Thumb Code     0  startup_stm32h743xx.o(.text)
    DMA2_Stream1_IRQHandler                  0x080002c7   Thumb Code     0  startup_stm32h743xx.o(.text)
    DMA2_Stream2_IRQHandler                  0x080002c7   Thumb Code     0  startup_stm32h743xx.o(.text)
    DMA2_Stream3_IRQHandler                  0x080002c7   Thumb Code     0  startup_stm32h743xx.o(.text)
    DMA2_Stream4_IRQHandler                  0x080002c7   Thumb Code     0  startup_stm32h743xx.o(.text)
    DMA2_Stream5_IRQHandler                  0x080002c7   Thumb Code     0  startup_stm32h743xx.o(.text)
    DMA2_Stream6_IRQHandler                  0x080002c7   Thumb Code     0  startup_stm32h743xx.o(.text)
    DMA2_Stream7_IRQHandler                  0x080002c7   Thumb Code     0  startup_stm32h743xx.o(.text)
    DMAMUX1_OVR_IRQHandler                   0x080002c7   Thumb Code     0  startup_stm32h743xx.o(.text)
    DMAMUX2_OVR_IRQHandler                   0x080002c7   Thumb Code     0  startup_stm32h743xx.o(.text)
    ECC_IRQHandler                           0x080002c7   Thumb Code     0  startup_stm32h743xx.o(.text)
    ETH_IRQHandler                           0x080002c7   Thumb Code     0  startup_stm32h743xx.o(.text)
    ETH_WKUP_IRQHandler                      0x080002c7   Thumb Code     0  startup_stm32h743xx.o(.text)
    EXTI0_IRQHandler                         0x080002c7   Thumb Code     0  startup_stm32h743xx.o(.text)
    EXTI15_10_IRQHandler                     0x080002c7   Thumb Code     0  startup_stm32h743xx.o(.text)
    EXTI1_IRQHandler                         0x080002c7   Thumb Code     0  startup_stm32h743xx.o(.text)
    EXTI2_IRQHandler                         0x080002c7   Thumb Code     0  startup_stm32h743xx.o(.text)
    EXTI4_IRQHandler                         0x080002c7   Thumb Code     0  startup_stm32h743xx.o(.text)
    EXTI9_5_IRQHandler                       0x080002c7   Thumb Code     0  startup_stm32h743xx.o(.text)
    FDCAN1_IT0_IRQHandler                    0x080002c7   Thumb Code     0  startup_stm32h743xx.o(.text)
    FDCAN1_IT1_IRQHandler                    0x080002c7   Thumb Code     0  startup_stm32h743xx.o(.text)
    FDCAN2_IT0_IRQHandler                    0x080002c7   Thumb Code     0  startup_stm32h743xx.o(.text)
    FDCAN2_IT1_IRQHandler                    0x080002c7   Thumb Code     0  startup_stm32h743xx.o(.text)
    FDCAN_CAL_IRQHandler                     0x080002c7   Thumb Code     0  startup_stm32h743xx.o(.text)
    FLASH_IRQHandler                         0x080002c7   Thumb Code     0  startup_stm32h743xx.o(.text)
    FMC_IRQHandler                           0x080002c7   Thumb Code     0  startup_stm32h743xx.o(.text)
    FPU_IRQHandler                           0x080002c7   Thumb Code     0  startup_stm32h743xx.o(.text)
    HRTIM1_FLT_IRQHandler                    0x080002c7   Thumb Code     0  startup_stm32h743xx.o(.text)
    HRTIM1_Master_IRQHandler                 0x080002c7   Thumb Code     0  startup_stm32h743xx.o(.text)
    HRTIM1_TIMA_IRQHandler                   0x080002c7   Thumb Code     0  startup_stm32h743xx.o(.text)
    HRTIM1_TIMB_IRQHandler                   0x080002c7   Thumb Code     0  startup_stm32h743xx.o(.text)
    HRTIM1_TIMC_IRQHandler                   0x080002c7   Thumb Code     0  startup_stm32h743xx.o(.text)
    HRTIM1_TIMD_IRQHandler                   0x080002c7   Thumb Code     0  startup_stm32h743xx.o(.text)
    HRTIM1_TIME_IRQHandler                   0x080002c7   Thumb Code     0  startup_stm32h743xx.o(.text)
    HSEM1_IRQHandler                         0x080002c7   Thumb Code     0  startup_stm32h743xx.o(.text)
    I2C2_ER_IRQHandler                       0x080002c7   Thumb Code     0  startup_stm32h743xx.o(.text)
    I2C2_EV_IRQHandler                       0x080002c7   Thumb Code     0  startup_stm32h743xx.o(.text)
    I2C3_ER_IRQHandler                       0x080002c7   Thumb Code     0  startup_stm32h743xx.o(.text)
    I2C3_EV_IRQHandler                       0x080002c7   Thumb Code     0  startup_stm32h743xx.o(.text)
    I2C4_ER_IRQHandler                       0x080002c7   Thumb Code     0  startup_stm32h743xx.o(.text)
    I2C4_EV_IRQHandler                       0x080002c7   Thumb Code     0  startup_stm32h743xx.o(.text)
    JPEG_IRQHandler                          0x080002c7   Thumb Code     0  startup_stm32h743xx.o(.text)
    LPTIM1_IRQHandler                        0x080002c7   Thumb Code     0  startup_stm32h743xx.o(.text)
    LPTIM2_IRQHandler                        0x080002c7   Thumb Code     0  startup_stm32h743xx.o(.text)
    LPTIM3_IRQHandler                        0x080002c7   Thumb Code     0  startup_stm32h743xx.o(.text)
    LPTIM4_IRQHandler                        0x080002c7   Thumb Code     0  startup_stm32h743xx.o(.text)
    LPTIM5_IRQHandler                        0x080002c7   Thumb Code     0  startup_stm32h743xx.o(.text)
    LPUART1_IRQHandler                       0x080002c7   Thumb Code     0  startup_stm32h743xx.o(.text)
    LTDC_ER_IRQHandler                       0x080002c7   Thumb Code     0  startup_stm32h743xx.o(.text)
    LTDC_IRQHandler                          0x080002c7   Thumb Code     0  startup_stm32h743xx.o(.text)
    MDIOS_IRQHandler                         0x080002c7   Thumb Code     0  startup_stm32h743xx.o(.text)
    MDIOS_WKUP_IRQHandler                    0x080002c7   Thumb Code     0  startup_stm32h743xx.o(.text)
    MDMA_IRQHandler                          0x080002c7   Thumb Code     0  startup_stm32h743xx.o(.text)
    OTG_FS_EP1_IN_IRQHandler                 0x080002c7   Thumb Code     0  startup_stm32h743xx.o(.text)
    OTG_FS_EP1_OUT_IRQHandler                0x080002c7   Thumb Code     0  startup_stm32h743xx.o(.text)
    OTG_FS_IRQHandler                        0x080002c7   Thumb Code     0  startup_stm32h743xx.o(.text)
    OTG_FS_WKUP_IRQHandler                   0x080002c7   Thumb Code     0  startup_stm32h743xx.o(.text)
    OTG_HS_EP1_IN_IRQHandler                 0x080002c7   Thumb Code     0  startup_stm32h743xx.o(.text)
    OTG_HS_EP1_OUT_IRQHandler                0x080002c7   Thumb Code     0  startup_stm32h743xx.o(.text)
    OTG_HS_IRQHandler                        0x080002c7   Thumb Code     0  startup_stm32h743xx.o(.text)
    OTG_HS_WKUP_IRQHandler                   0x080002c7   Thumb Code     0  startup_stm32h743xx.o(.text)
    PVD_AVD_IRQHandler                       0x080002c7   Thumb Code     0  startup_stm32h743xx.o(.text)
    QUADSPI_IRQHandler                       0x080002c7   Thumb Code     0  startup_stm32h743xx.o(.text)
    RCC_IRQHandler                           0x080002c7   Thumb Code     0  startup_stm32h743xx.o(.text)
    RNG_IRQHandler                           0x080002c7   Thumb Code     0  startup_stm32h743xx.o(.text)
    RTC_Alarm_IRQHandler                     0x080002c7   Thumb Code     0  startup_stm32h743xx.o(.text)
    RTC_WKUP_IRQHandler                      0x080002c7   Thumb Code     0  startup_stm32h743xx.o(.text)
    SAI1_IRQHandler                          0x080002c7   Thumb Code     0  startup_stm32h743xx.o(.text)
    SAI2_IRQHandler                          0x080002c7   Thumb Code     0  startup_stm32h743xx.o(.text)
    SAI3_IRQHandler                          0x080002c7   Thumb Code     0  startup_stm32h743xx.o(.text)
    SAI4_IRQHandler                          0x080002c7   Thumb Code     0  startup_stm32h743xx.o(.text)
    SDMMC1_IRQHandler                        0x080002c7   Thumb Code     0  startup_stm32h743xx.o(.text)
    SDMMC2_IRQHandler                        0x080002c7   Thumb Code     0  startup_stm32h743xx.o(.text)
    SPDIF_RX_IRQHandler                      0x080002c7   Thumb Code     0  startup_stm32h743xx.o(.text)
    SPI1_IRQHandler                          0x080002c7   Thumb Code     0  startup_stm32h743xx.o(.text)
    SPI2_IRQHandler                          0x080002c7   Thumb Code     0  startup_stm32h743xx.o(.text)
    SPI3_IRQHandler                          0x080002c7   Thumb Code     0  startup_stm32h743xx.o(.text)
    SPI4_IRQHandler                          0x080002c7   Thumb Code     0  startup_stm32h743xx.o(.text)
    SPI5_IRQHandler                          0x080002c7   Thumb Code     0  startup_stm32h743xx.o(.text)
    SPI6_IRQHandler                          0x080002c7   Thumb Code     0  startup_stm32h743xx.o(.text)
    SWPMI1_IRQHandler                        0x080002c7   Thumb Code     0  startup_stm32h743xx.o(.text)
    TAMP_STAMP_IRQHandler                    0x080002c7   Thumb Code     0  startup_stm32h743xx.o(.text)
    TIM15_IRQHandler                         0x080002c7   Thumb Code     0  startup_stm32h743xx.o(.text)
    TIM16_IRQHandler                         0x080002c7   Thumb Code     0  startup_stm32h743xx.o(.text)
    TIM17_IRQHandler                         0x080002c7   Thumb Code     0  startup_stm32h743xx.o(.text)
    TIM1_BRK_IRQHandler                      0x080002c7   Thumb Code     0  startup_stm32h743xx.o(.text)
    TIM1_CC_IRQHandler                       0x080002c7   Thumb Code     0  startup_stm32h743xx.o(.text)
    TIM1_TRG_COM_IRQHandler                  0x080002c7   Thumb Code     0  startup_stm32h743xx.o(.text)
    TIM1_UP_IRQHandler                       0x080002c7   Thumb Code     0  startup_stm32h743xx.o(.text)
    TIM2_IRQHandler                          0x080002c7   Thumb Code     0  startup_stm32h743xx.o(.text)
    TIM3_IRQHandler                          0x080002c7   Thumb Code     0  startup_stm32h743xx.o(.text)
    TIM4_IRQHandler                          0x080002c7   Thumb Code     0  startup_stm32h743xx.o(.text)
    TIM5_IRQHandler                          0x080002c7   Thumb Code     0  startup_stm32h743xx.o(.text)
    TIM6_DAC_IRQHandler                      0x080002c7   Thumb Code     0  startup_stm32h743xx.o(.text)
    TIM7_IRQHandler                          0x080002c7   Thumb Code     0  startup_stm32h743xx.o(.text)
    TIM8_BRK_TIM12_IRQHandler                0x080002c7   Thumb Code     0  startup_stm32h743xx.o(.text)
    TIM8_CC_IRQHandler                       0x080002c7   Thumb Code     0  startup_stm32h743xx.o(.text)
    TIM8_TRG_COM_TIM14_IRQHandler            0x080002c7   Thumb Code     0  startup_stm32h743xx.o(.text)
    TIM8_UP_TIM13_IRQHandler                 0x080002c7   Thumb Code     0  startup_stm32h743xx.o(.text)
    USART1_IRQHandler                        0x080002c7   Thumb Code     0  startup_stm32h743xx.o(.text)
    WAKEUP_PIN_IRQHandler                    0x080002c7   Thumb Code     0  startup_stm32h743xx.o(.text)
    WWDG_IRQHandler                          0x080002c7   Thumb Code     0  startup_stm32h743xx.o(.text)
    __aeabi_llsr                             0x080002d1   Thumb Code    32  llushr.o(.text)
    _ll_ushift_r                             0x080002d1   Thumb Code     0  llushr.o(.text)
    __ARM_scalbn                             0x080002f1   Thumb Code    46  dscalb.o(.text)
    __I$use$fp                               0x080002f1   Thumb Code     0  iusefp.o(.text)
    scalbn                                   0x080002f1   Thumb Code     0  dscalb.o(.text)
    __scatterload                            0x08000321   Thumb Code    28  init.o(.text)
    __scatterload_rt2                        0x08000321   Thumb Code     0  init.o(.text)
    ADC_ConfigureBoostMode                   0x08000345   Thumb Code   320  stm32h7xx_hal_adc.o(i.ADC_ConfigureBoostMode)
    ADC_ConversionStop                       0x080004a5   Thumb Code   268  stm32h7xx_hal_adc.o(i.ADC_ConversionStop)
    ADC_Disable                              0x080005b9   Thumb Code   132  stm32h7xx_hal_adc.o(i.ADC_Disable)
    ADC_Enable                               0x08000641   Thumb Code   172  stm32h7xx_hal_adc.o(i.ADC_Enable)
    Cal_Last_Stable                          0x08000701   Thumb Code   242  ical_motor.o(i.Cal_Last_Stable)
    Cal_Last_Stable_Second_Line              0x08000805   Thumb Code  1072  ical_motor.o(i.Cal_Last_Stable_Second_Line)
    Cal_Weight_Line_Stable                   0x08000c3d   Thumb Code  1438  ical_motor.o(i.Cal_Weight_Line_Stable)
    DMA1_Stream5_IRQHandler                  0x080011f9   Thumb Code    12  stm32h7xx_it.o(i.DMA1_Stream5_IRQHandler)
    DebugMon_Handler                         0x08001209   Thumb Code     2  stm32h7xx_it.o(i.DebugMon_Handler)
    Display_C_Parameter                      0x0800120d   Thumb Code   310  display_function.o(i.Display_C_Parameter)
    Display_Cal_Page                         0x08001349   Thumb Code   284  ical_motor.o(i.Display_Cal_Page)
    Display_Num_LCD                          0x0800146d   Thumb Code    84  common.o(i.Display_Num_LCD)
    Display_Set_Page                         0x080014c1   Thumb Code   214  display_function.o(i.Display_Set_Page)
    Display_Stable_Page                      0x080015ad   Thumb Code    94  ical_motor.o(i.Display_Stable_Page)
    Display_Weight_Interface                 0x0800162d   Thumb Code   182  display_function.o(i.Display_Weight_Interface)
    Error_Handler                            0x080016e9   Thumb Code     6  main.o(i.Error_Handler)
    HAL_ADCEx_Calibration_Start              0x080016f1   Thumb Code   174  stm32h7xx_hal_adc_ex.o(i.HAL_ADCEx_Calibration_Start)
    HAL_ADC_ConfigChannel                    0x080017a9   Thumb Code  1300  stm32h7xx_hal_adc.o(i.HAL_ADC_ConfigChannel)
    HAL_ADC_DeInit                           0x08001ce5   Thumb Code   542  stm32h7xx_hal_adc.o(i.HAL_ADC_DeInit)
    HAL_ADC_GetValue                         0x08001f25   Thumb Code     8  stm32h7xx_hal_adc.o(i.HAL_ADC_GetValue)
    HAL_ADC_Init                             0x08001f2d   Thumb Code   606  stm32h7xx_hal_adc.o(i.HAL_ADC_Init)
    HAL_Delay                                0x080021b9   Thumb Code    36  stm32h7xx_hal.o(i.HAL_Delay)
    HAL_GPIOB_ReadValue                      0x080021e1   Thumb Code    18  cpld.o(i.HAL_GPIOB_ReadValue)
    HAL_GPIO_EXTI_Callback                   0x080021f9   Thumb Code     2  stm32h7xx_hal_gpio.o(i.HAL_GPIO_EXTI_Callback)
    HAL_GPIO_EXTI_IRQHandler                 0x080021fd   Thumb Code    24  stm32h7xx_hal_gpio.o(i.HAL_GPIO_EXTI_IRQHandler)
    HAL_GPIO_Init                            0x08002219   Thumb Code   468  stm32h7xx_hal_gpio.o(i.HAL_GPIO_Init)
    HAL_GPIO_WritePin                        0x08002421   Thumb Code    12  stm32h7xx_hal_gpio.o(i.HAL_GPIO_WritePin)
    HAL_I2C_AddrCallback                     0x0800242d   Thumb Code     2  stm32h7xx_hal_i2c.o(i.HAL_I2C_AddrCallback)
    HAL_I2C_ER_IRQHandler                    0x0800242f   Thumb Code   118  stm32h7xx_hal_i2c.o(i.HAL_I2C_ER_IRQHandler)
    HAL_I2C_EV_IRQHandler                    0x080024a5   Thumb Code    28  stm32h7xx_hal_i2c.o(i.HAL_I2C_EV_IRQHandler)
    HAL_I2C_ErrorCallback                    0x080024c1   Thumb Code     8  main.o(i.HAL_I2C_ErrorCallback)
    HAL_I2C_SlaveRxCpltCallback              0x080024cd   Thumb Code     2  stm32h7xx_hal_i2c.o(i.HAL_I2C_SlaveRxCpltCallback)
    HAL_InitTick                             0x080024d1   Thumb Code    74  stm32h7xx_hal.o(i.HAL_InitTick)
    HAL_PWREx_ConfigSupply                   0x08002529   Thumb Code    90  stm32h7xx_hal_pwr_ex.o(i.HAL_PWREx_ConfigSupply)
    HAL_RCCEx_GetPLL2ClockFreq               0x08002589   Thumb Code   536  stm32h7xx_hal_rcc_ex.o(i.HAL_RCCEx_GetPLL2ClockFreq)
    HAL_RCCEx_GetPeriphCLKFreq               0x080027b9   Thumb Code   894  stm32h7xx_hal_rcc_ex.o(i.HAL_RCCEx_GetPeriphCLKFreq)
    HAL_RCC_ClockConfig                      0x08002b4d   Thumb Code   774  stm32h7xx_hal_rcc.o(i.HAL_RCC_ClockConfig)
    HAL_RCC_GetHCLKFreq                      0x08002e6d   Thumb Code    60  stm32h7xx_hal_rcc.o(i.HAL_RCC_GetHCLKFreq)
    HAL_RCC_GetPCLK2Freq                     0x08002eb9   Thumb Code    26  stm32h7xx_hal_rcc.o(i.HAL_RCC_GetPCLK2Freq)
    HAL_RCC_GetSysClockFreq                  0x08002edd   Thumb Code   524  stm32h7xx_hal_rcc.o(i.HAL_RCC_GetSysClockFreq)
    HAL_RCC_OscConfig                        0x08003109   Thumb Code  1994  stm32h7xx_hal_rcc.o(i.HAL_RCC_OscConfig)
    HAL_SPI_MspInit                          0x080038dd   Thumb Code   376  stm32h7xx_hal_msp.o(i.HAL_SPI_MspInit)
    HAL_UARTEx_RxFifoFullCallback            0x08003a71   Thumb Code     2  stm32h7xx_hal_uart_ex.o(i.HAL_UARTEx_RxFifoFullCallback)
    HAL_UARTEx_WakeupCallback                0x08003a73   Thumb Code     2  stm32h7xx_hal_uart_ex.o(i.HAL_UARTEx_WakeupCallback)
    HAL_UART_ErrorCallback                   0x08003a75   Thumb Code     2  stm32h7xx_hal_uart.o(i.HAL_UART_ErrorCallback)
    HAL_UART_Init                            0x08003a77   Thumb Code   120  stm32h7xx_hal_uart.o(i.HAL_UART_Init)
    HAL_UART_MspInit                         0x08003af1   Thumb Code   824  stm32h7xx_hal_msp.o(i.HAL_UART_MspInit)
    HAL_UART_TxCpltCallback                  0x08003e59   Thumb Code     2  stm32h7xx_hal_uart.o(i.HAL_UART_TxCpltCallback)
    I2C1_ER_IRQHandler                       0x08003e5d   Thumb Code    10  stm32h7xx_it.o(i.I2C1_ER_IRQHandler)
    Lcd_Dispay_Menu                          0x080044b9   Thumb Code    14  lcd.o(i.Lcd_Dispay_Menu)
    Lcd_Dispay_Process                       0x080044c9   Thumb Code   244  lcd.o(i.Lcd_Dispay_Process)
    Lcd_Display_Range                        0x080045c1   Thumb Code   162  lcd.o(i.Lcd_Display_Range)
    Lcd_On_off_function                      0x0800466d   Thumb Code    54  lcd.o(i.Lcd_On_off_function)
    Lcd_Send_Commond                         0x080046ad   Thumb Code    52  lcd.o(i.Lcd_Send_Commond)
    M24C64_Write                             0x080046e5   Thumb Code    32  flash.o(i.M24C64_Write)
    M24C64_Write_double                      0x08004709   Thumb Code    66  flash.o(i.M24C64_Write_double)
    MX_ADC_Init                              0x08004755   Thumb Code   168  adc.o(i.MX_ADC_Init)
    MX_GPIO_Init                             0x0800480d   Thumb Code   292  gpio.o(i.MX_GPIO_Init)
    MX_I2C1_Init                             0x08004941   Thumb Code    44  i2c.o(i.MX_I2C1_Init)
    MX_SPI6_Init                             0x08004979   Thumb Code    62  spi.o(i.MX_SPI6_Init)
    MX_USART6_UART_Init                      0x080049c1   Thumb Code    62  uart.o(i.MX_USART6_UART_Init)
    MemManage_Handler                        0x08004a09   Thumb Code     4  stm32h7xx_it.o(i.MemManage_Handler)
    PendSV_Handler                           0x08004a0d   Thumb Code     2  stm32h7xx_it.o(i.PendSV_Handler)
    Send_Modbus_Buf                          0x08004a11   Thumb Code   108  modbus.o(i.Send_Modbus_Buf)
    UART5_IRQHandler                         0x08004a85   Thumb Code    16  stm32h7xx_it.o(i.UART5_IRQHandler)
    UART8_IRQHandler                         0x08004a99   Thumb Code    16  stm32h7xx_it.o(i.UART8_IRQHandler)
    USART3_IRQHandler                        0x08004bd1   Thumb Code    16  stm32h7xx_it.o(i.USART3_IRQHandler)
    Uart_Init                                0x08004be5   Thumb Code    20  uart.o(i.Uart_Init)
    __ARM_fpclassify                         0x08004bf9   Thumb Code    48  fpclassify.o(i.__ARM_fpclassify)
    __kernel_poly                            0x08004c61   Thumb Code   112  poly.o(i.__kernel_poly)
    __mathlib_dbl_infnan2                    0x08004cd1   Thumb Code     6  dunder.o(i.__mathlib_dbl_infnan2)
    __mathlib_dbl_overflow                   0x08004cd9   Thumb Code    10  dunder.o(i.__mathlib_dbl_overflow)
    __scatterload_copy                       0x08004cf1   Thumb Code    14  handlers.o(i.__scatterload_copy)
    __scatterload_null                       0x08004cff   Thumb Code     2  handlers.o(i.__scatterload_null)
    __scatterload_zeroinit                   0x08004d01   Thumb Code    14  handlers.o(i.__scatterload_zeroinit)
    __set_errno                              0x08004d11   Thumb Code     6  errno.o(i.__set_errno)
    fabs                                     0x08004d1d   Thumb Code    24  fabs.o(i.fabs)
    main                                     0x08004d35   Thumb Code    78  main.o(i.main)
    mx_loop                                  0x08004d95   Thumb Code    18  main.o(i.mx_loop)
    pro_crc16                                0x08004da9   Thumb Code    48  modbus.o(i.pro_crc16)
    sqrt                                     0x08004de1   Thumb Code   106  sqrt.o(i.sqrt)
    tare                                     0x08004e4d   Thumb Code   180  math.o(i.tare)
    units_LONG_TO_disSEG                     0x08004f15   Thumb Code  2678  math.o(i.units_LONG_TO_disSEG)
    wt_track                                 0x080059b9   Thumb Code   548  math.o(i.wt_track)
    UARTPrescTable                           0x08005c24   Data          24  stm32h7xx_hal_uart.o(.constdata)
    Region$$Table$$Base                      0x08005cd0   Number         0  anon$$obj.o(Region$$Table)
    Region$$Table$$Limit                     0x08005cf0   Number         0  anon$$obj.o(Region$$Table)
    __aeabi_uldivmod                         0x08100001   Thumb Code    98  uldiv.o(.text)
    __aeabi_memset                           0x08100063   Thumb Code    14  memseta.o(.text)
    __aeabi_memset4                          0x08100063   Thumb Code     0  memseta.o(.text)
    __aeabi_memset8                          0x08100063   Thumb Code     0  memseta.o(.text)
    __aeabi_memclr                           0x08100071   Thumb Code     4  memseta.o(.text)
    __aeabi_memclr4                          0x08100071   Thumb Code     0  memseta.o(.text)
    __aeabi_memclr8                          0x08100071   Thumb Code     0  memseta.o(.text)
    _memset$wrapper                          0x08100075   Thumb Code    18  memseta.o(.text)
    __aeabi_llsl                             0x08100087   Thumb Code    30  llshl.o(.text)
    _ll_shift_l                              0x08100087   Thumb Code     0  llshl.o(.text)
    __decompress                             0x081000a5   Thumb Code     0  __dczerorl2.o(.text)
    __decompress1                            0x081000a5   Thumb Code    86  __dczerorl2.o(.text)
    BusFault_Handler                         0x081000fb   Thumb Code     4  stm32h7xx_it.o(i.BusFault_Handler)
    Cal_Last_Stable_First_Line               0x08100101   Thumb Code  1072  ical_motor.o(i.Cal_Last_Stable_First_Line)
    DMA1_Stream6_IRQHandler                  0x08100539   Thumb Code    12  stm32h7xx_it.o(i.DMA1_Stream6_IRQHandler)
    Display_Add_Page                         0x08100549   Thumb Code   218  display_function.o(i.Display_Add_Page)
    Display_C_Count                          0x08100635   Thumb Code   134  display_function.o(i.Display_C_Count)
    Display_Cal_Ex_Page                      0x081006c1   Thumb Code   128  ical_motor.o(i.Display_Cal_Ex_Page)
    Display_Cal_Span_Page                    0x08100751   Thumb Code   750  ical_motor.o(i.Display_Cal_Span_Page)
    Display_Set_Parameter_Page               0x08100a9d   Thumb Code   326  display_function.o(i.Display_Set_Parameter_Page)
    Display_Weight_Page                      0x08100c09   Thumb Code   262  display_function.o(i.Display_Weight_Page)
    EXTI3_IRQHandler                         0x08100d29   Thumb Code  1622  cpld.o(i.EXTI3_IRQHandler)
    Function_Selection                       0x08101395   Thumb Code    94  display_function.o(i.Function_Selection)
    HAL_ADC_MspDeInit                        0x081013f9   Thumb Code     2  stm32h7xx_hal_adc.o(i.HAL_ADC_MspDeInit)
    HAL_ADC_MspInit                          0x081013fd   Thumb Code   110  stm32h7xx_hal_msp.o(i.HAL_ADC_MspInit)
    HAL_ADC_Start                            0x08101475   Thumb Code   292  stm32h7xx_hal_adc.o(i.HAL_ADC_Start)
    HAL_DMA_Abort_IT                         0x081015a9   Thumb Code   906  stm32h7xx_hal_dma.o(i.HAL_DMA_Abort_IT)
    HAL_DMA_GetState                         0x08101941   Thumb Code     8  stm32h7xx_hal_dma.o(i.HAL_DMA_GetState)
    HAL_DMA_IRQHandler                       0x08101949   Thumb Code  2800  stm32h7xx_hal_dma.o(i.HAL_DMA_IRQHandler)
    HAL_GetREVID                             0x08102441   Thumb Code     8  stm32h7xx_hal.o(i.HAL_GetREVID)
    HAL_GetTick                              0x0810244d   Thumb Code     6  stm32h7xx_hal.o(i.HAL_GetTick)
    HAL_I2C_AbortCpltCallback                0x08102459   Thumb Code     2  stm32h7xx_hal_i2c.o(i.HAL_I2C_AbortCpltCallback)
    HAL_I2C_Init                             0x0810245d   Thumb Code   192  stm32h7xx_hal_i2c.o(i.HAL_I2C_Init)
    HAL_I2C_ListenCpltCallback               0x08102521   Thumb Code     2  stm32h7xx_hal_i2c.o(i.HAL_I2C_ListenCpltCallback)
    HAL_I2C_Mem_Read                         0x08102525   Thumb Code   408  stm32h7xx_hal_i2c.o(i.HAL_I2C_Mem_Read)
    HAL_I2C_Mem_Write                        0x081026c5   Thumb Code   402  stm32h7xx_hal_i2c.o(i.HAL_I2C_Mem_Write)
    HAL_I2C_MspInit                          0x0810285d   Thumb Code   170  stm32h7xx_hal_msp.o(i.HAL_I2C_MspInit)
    HAL_I2C_SlaveTxCpltCallback              0x08102915   Thumb Code     2  stm32h7xx_hal_i2c.o(i.HAL_I2C_SlaveTxCpltCallback)
    HAL_IncTick                              0x08102919   Thumb Code    16  stm32h7xx_hal.o(i.HAL_IncTick)
    HAL_Init                                 0x08102931   Thumb Code    80  stm32h7xx_hal.o(i.HAL_Init)
    HAL_MspInit                              0x08102991   Thumb Code     2  stm32h7xx_hal.o(i.HAL_MspInit)
    HAL_NVIC_EnableIRQ                       0x08102993   Thumb Code    32  stm32h7xx_hal_cortex.o(i.HAL_NVIC_EnableIRQ)
    HAL_NVIC_SetPriority                     0x081029b3   Thumb Code   122  stm32h7xx_hal_cortex.o(i.HAL_NVIC_SetPriority)
    HAL_NVIC_SetPriorityGrouping             0x08102a2d   Thumb Code    32  stm32h7xx_hal_cortex.o(i.HAL_NVIC_SetPriorityGrouping)
    HAL_RCCEx_GetD3PCLK1Freq                 0x08102a55   Thumb Code    26  stm32h7xx_hal_rcc_ex.o(i.HAL_RCCEx_GetD3PCLK1Freq)
    HAL_RCCEx_GetPLL1ClockFreq               0x08102a79   Thumb Code   536  stm32h7xx_hal_rcc_ex.o(i.HAL_RCCEx_GetPLL1ClockFreq)
    HAL_RCCEx_GetPLL3ClockFreq               0x08102ca9   Thumb Code   536  stm32h7xx_hal_rcc_ex.o(i.HAL_RCCEx_GetPLL3ClockFreq)
    HAL_RCC_GetPCLK1Freq                     0x08102ed9   Thumb Code    26  stm32h7xx_hal_rcc.o(i.HAL_RCC_GetPCLK1Freq)
    HAL_SPI_Init                             0x08102efd   Thumb Code   596  stm32h7xx_hal_spi.o(i.HAL_SPI_Init)
    HAL_SYSTICK_Config                       0x0810315d   Thumb Code    52  stm32h7xx_hal_cortex.o(i.HAL_SYSTICK_Config)
    HAL_UARTEx_TxFifoEmptyCallback           0x08103191   Thumb Code     2  stm32h7xx_hal_uart_ex.o(i.HAL_UARTEx_TxFifoEmptyCallback)
    HAL_UART_IRQHandler                      0x08103195   Thumb Code   512  stm32h7xx_hal_uart.o(i.HAL_UART_IRQHandler)
    HAL_UART_Transmit_IT                     0x081033a1   Thumb Code   168  stm32h7xx_hal_uart.o(i.HAL_UART_Transmit_IT)
    HardFault_Handler                        0x08103459   Thumb Code     4  stm32h7xx_it.o(i.HardFault_Handler)
    I2C1_EV_IRQHandler                       0x0810345d   Thumb Code    10  stm32h7xx_it.o(i.I2C1_EV_IRQHandler)
    INTflash                                 0x08103959   Thumb Code   706  flash.o(i.INTflash)
    KEY_ADC_Value                            0x08103c69   Thumb Code   690  key.o(i.KEY_ADC_Value)
    LCD_DISPAY_CHANGE                        0x08103f39   Thumb Code    20  lcd.o(i.LCD_DISPAY_CHANGE)
    Lcd_Delay                                0x08103faf   Thumb Code    12  lcd.o(i.Lcd_Delay)
    Lcd_Display_State                        0x08103fbd   Thumb Code    54  lcd.o(i.Lcd_Display_State)
    Lcd_Display_Uint                         0x08103ff9   Thumb Code   130  lcd.o(i.Lcd_Display_Uint)
    Lcd_INT1621                              0x08104081   Thumb Code    80  lcd.o(i.Lcd_INT1621)
    Lcd_Int                                  0x081040d5   Thumb Code    40  lcd.o(i.Lcd_Int)
    Lcd_Send_1621data                        0x08104101   Thumb Code    76  lcd.o(i.Lcd_Send_1621data)
    Lcd_Send_Buf                             0x08104151   Thumb Code    86  lcd.o(i.Lcd_Send_Buf)
    M24C64_Read                              0x081041ad   Thumb Code    32  flash.o(i.M24C64_Read)
    M24C64_Read_double                       0x081041d1   Thumb Code   104  flash.o(i.M24C64_Read_double)
    MODE_DATA_PROCESS                        0x08104251   Thumb Code   176  math.o(i.MODE_DATA_PROCESS)
    MX_Cpld_Init                             0x08104319   Thumb Code   148  cpld.o(i.MX_Cpld_Init)
    MX_Lcd_Init                              0x081043c1   Thumb Code    50  lcd.o(i.MX_Lcd_Init)
    MX_USART3_UART_Init                      0x081043f9   Thumb Code    62  uart.o(i.MX_USART3_UART_Init)
    MX_USART5_UART_Init                      0x08104441   Thumb Code    62  uart.o(i.MX_USART5_UART_Init)
    MX_USART8_UART_Init                      0x08104489   Thumb Code    62  uart.o(i.MX_USART8_UART_Init)
    NMI_Handler                              0x081044d1   Thumb Code     2  stm32h7xx_it.o(i.NMI_Handler)
    SVC_Handler                              0x081044ed   Thumb Code     2  stm32h7xx_it.o(i.SVC_Handler)
    SysTick_Handler                          0x081044ef   Thumb Code     8  stm32h7xx_it.o(i.SysTick_Handler)
    SystemInit                               0x081045c9   Thumb Code   152  system_stm32h7xx.o(i.SystemInit)
    UART4_IRQHandler                         0x08104679   Thumb Code    16  stm32h7xx_it.o(i.UART4_IRQHandler)
    UART7_IRQHandler                         0x0810468d   Thumb Code    16  stm32h7xx_it.o(i.UART7_IRQHandler)
    UART_AdvFeatureConfig                    0x081046a1   Thumb Code   248  stm32h7xx_hal_uart.o(i.UART_AdvFeatureConfig)
    UART_CheckIdleState                      0x08104799   Thumb Code   116  stm32h7xx_hal_uart.o(i.UART_CheckIdleState)
    UART_SetConfig                           0x0810484d   Thumb Code  1420  stm32h7xx_hal_uart.o(i.UART_SetConfig)
    UART_WaitOnFlagUntilTimeout              0x08104e2f   Thumb Code   190  stm32h7xx_hal_uart.o(i.UART_WaitOnFlagUntilTimeout)
    USART2_IRQHandler                        0x08104eed   Thumb Code    16  stm32h7xx_it.o(i.USART2_IRQHandler)
    USART6_IRQHandler                        0x08104f01   Thumb Code    16  stm32h7xx_it.o(i.USART6_IRQHandler)
    UsageFault_Handler                       0x08104f15   Thumb Code     4  stm32h7xx_it.o(i.UsageFault_Handler)
    __hardfp_pow                             0x08104f19   Thumb Code  2140  pow.o(i.__hardfp_pow)
    __mathlib_dbl_divzero                    0x08105811   Thumb Code    14  dunder.o(i.__mathlib_dbl_divzero)
    __mathlib_dbl_invalid                    0x08105831   Thumb Code    10  dunder.o(i.__mathlib_dbl_invalid)
    __mathlib_dbl_underflow                  0x08105849   Thumb Code    10  dunder.o(i.__mathlib_dbl_underflow)
    wt_filter                                0x08105861   Thumb Code   842  math.o(i.wt_filter)
    wt_line                                  0x08105bd5   Thumb Code   256  math.o(i.wt_line)
    D1CorePrescTable                         0x08105ce4   Data          16  system_stm32h7xx.o(.constdata)
    __mathlib_zero                           0x08105cf8   Data           8  qnan.o(.constdata)
    uwTick                                   0x24000000   Data           4  stm32h7xx_hal.o(.data)
    uwTickPrio                               0x24000004   Data           4  stm32h7xx_hal.o(.data)
    uwTickFreq                               0x24000008   Data           1  stm32h7xx_hal.o(.data)
    SystemCoreClock                          0x2400000c   Data           4  system_stm32h7xx.o(.data)
    SystemD2Clock                            0x24000010   Data           4  system_stm32h7xx.o(.data)
    aTxBuffer                                0x24000014   Data         161  main.o(.data)
    Memory_Address                           0x240000b6   Data           2  main.o(.data)
    Remaining_Bytes                          0x240000b8   Data           4  main.o(.data)
    I2C_Tx_Complete_Flag                     0x240000bc   Data           4  main.o(.data)
    I2C_Rx_Complete_Flag                     0x240000c0   Data           4  main.o(.data)
    I2C_Error_Flag                           0x240000c4   Data           4  main.o(.data)
    zero_index                               0x240000c8   Data          28  flash.o(.data)
    baud_value                               0x240000e4   Data          28  flash.o(.data)
    print_time_table                         0x24000100   Data          28  flash.o(.data)
    filter_count_table                       0x2400011c   Data          14  flash.o(.data)
    auto_time_table                          0x2400012c   Data          28  flash.o(.data)
    hh                                       0x24000148   Data           4  flash.o(.data)
    ff                                       0x2400014c   Data           8  flash.o(.data)
    MAX_RANGE                                0x24000156   Data           3  lcd.o(.data)
    MIN_RANGE                                0x24000159   Data           2  lcd.o(.data)
    tab_crc16h                               0x2400015b   Data         256  modbus.o(.data)
    tab_crc16l                               0x2400025b   Data         256  modbus.o(.data)
    key_stats                                0x2400035b   Data           1  key.o(.data)
    KEY_DATA                                 0x2400035c   Data           1  key.o(.data)
    KEY_DATA1                                0x2400035d   Data           1  key.o(.data)
    KEY_DATA2                                0x2400035e   Data           1  key.o(.data)
    KEY_DATA3                                0x2400035f   Data           1  key.o(.data)
    LCD_seg_menu                             0x24000360   Data           9  display_function.o(.data)
    LCD_menu                                 0x24000369   Data          16  display_function.o(.data)
    LCD_Add                                  0x24000379   Data          16  display_function.o(.data)
    CCountNum                                0x24000389   Data           1  display_function.o(.data)
    unit_para                                0x2400038c   Data          28  math.o(.data)
    unit_para_b                              0x240003a8   Data          28  math.o(.data)
    COUNT_UNITS                              0x240003c4   Data          20  math.o(.data)
    Revise_Parameters                        0x240003d8   Data           1  math.o(.data)
    DOT_POSITION                             0x240003d9   Data           7  math.o(.data)
    LCD1_seg                                 0x240003e0   Data          10  math.o(.data)
    LCD_seg_cal100                           0x240003ea   Data          17  ical_motor.o(.data)
    LCD_seg_cal200                           0x240003fb   Data          17  ical_motor.o(.data)
    load_0                                   0x2400040c   Data          16  ical_motor.o(.data)
    LCD_seg_FUNCT                            0x2400041c   Data          17  ical_motor.o(.data)
    load_500                                 0x2400042d   Data          16  ical_motor.o(.data)
    load_50                                  0x2400043d   Data          16  ical_motor.o(.data)
    load_100                                 0x2400044d   Data          16  ical_motor.o(.data)
    load_150                                 0x2400045d   Data          16  ical_motor.o(.data)
    load_200                                 0x2400046d   Data          16  ical_motor.o(.data)
    load_210                                 0x2400047d   Data          16  ical_motor.o(.data)
    load_190                                 0x2400048d   Data          16  ical_motor.o(.data)
    load_220                                 0x2400049d   Data          16  ical_motor.o(.data)
    load_250                                 0x240004ad   Data          16  ical_motor.o(.data)
    LCD_CALin_menu                           0x240004bd   Data          17  ical_motor.o(.data)
    LCD_CAL_menu                             0x240004ce   Data          17  ical_motor.o(.data)
    LCD_CALdn_menu                           0x240004df   Data          17  ical_motor.o(.data)
    LCD_CALup_menu                           0x240004f0   Data          17  ical_motor.o(.data)
    LCD_CALend_menu                          0x24000501   Data          18  ical_motor.o(.data)
    LCD_CALno_menu0                          0x24000513   Data          17  ical_motor.o(.data)
    LCD_CALno_menu1                          0x24000524   Data          17  ical_motor.o(.data)
    LCD_CALno_menu2                          0x24000535   Data          17  ical_motor.o(.data)
    LCD_CAL_menu1                            0x24000546   Data          17  ical_motor.o(.data)
    I2cHandle                                0x24000560   Data          76  main.o(.bss)
    aRxBuffer                                0x240005c0   Data         160  main.o(.bss)
    huart2                                   0x24000660   Data         140  uart.o(.bss)
    huart3                                   0x240006ec   Data         140  uart.o(.bss)
    huart4                                   0x24000778   Data         140  uart.o(.bss)
    huart5                                   0x24000804   Data         140  uart.o(.bss)
    huart6                                   0x24000890   Data         140  uart.o(.bss)
    huart7                                   0x2400091c   Data         140  uart.o(.bss)
    huart8                                   0x240009a8   Data         140  uart.o(.bss)
    AdcHandle                                0x24000a34   Data         100  adc.o(.bss)
    sConfig                                  0x24000a98   Data          28  adc.o(.bss)
    hi2c1                                    0x24000ab4   Data          76  i2c.o(.bss)
    hspi6                                    0x24000b00   Data         136  spi.o(.bss)
    stSysParameter                           0x24000b88   Data         120  flash.o(.bss)
    stSysParameterApp                        0x24000c00   Data        3416  flash.o(.bss)
    line_x                                   0x24001a58   Data         288  ical_motor.o(.bss)
    line_x2                                  0x24001b78   Data         288  ical_motor.o(.bss)
    __initial_sp                             0x24002098   Data           0  startup_stm32h743xx.o(STACK)



==============================================================================

Memory Map of the image

  Image Entry point : 0x08000299

  Load Region LR_IROM1 (Base: 0x08000000, Size: 0x0000624c, Max: 0x00100000, ABSOLUTE, COMPRESSED[0x00005f5c])

    Execution Region ER_IROM1 (Exec base: 0x08000000, Load base: 0x08000000, Size: 0x00005cf0, Max: 0x00100000, ABSOLUTE)

    Exec Addr    Load Addr    Size         Type   Attr      Idx    E Section Name        Object

    0x08000000   0x08000000   0x00000298   Data   RO         4278    RESET               startup_stm32h743xx.o
    0x08000298   0x08000298   0x00000000   Code   RO         5320  * .ARM.Collect$$$$00000000  mc_w.l(entry.o)
    0x08000298   0x08000298   0x00000004   Code   RO         5364    .ARM.Collect$$$$00000001  mc_w.l(entry2.o)
    0x0800029c   0x0800029c   0x00000004   Code   RO         5367    .ARM.Collect$$$$00000004  mc_w.l(entry5.o)
    0x080002a0   0x080002a0   0x00000000   Code   RO         5369    .ARM.Collect$$$$00000008  mc_w.l(entry7b.o)
    0x080002a0   0x080002a0   0x00000000   Code   RO         5371    .ARM.Collect$$$$0000000A  mc_w.l(entry8b.o)
    0x080002a0   0x080002a0   0x00000008   Code   RO         5372    .ARM.Collect$$$$0000000B  mc_w.l(entry9a.o)
    0x080002a8   0x080002a8   0x00000000   Code   RO         5374    .ARM.Collect$$$$0000000D  mc_w.l(entry10a.o)
    0x080002a8   0x080002a8   0x00000000   Code   RO         5376    .ARM.Collect$$$$0000000F  mc_w.l(entry11a.o)
    0x080002a8   0x080002a8   0x00000004   Code   RO         5365    .ARM.Collect$$$$00002712  mc_w.l(entry2.o)
    0x080002ac   0x080002ac   0x00000024   Code   RO         4279    .text               startup_stm32h743xx.o
    0x080002d0   0x080002d0   0x00000020   Code   RO         5380    .text               mc_w.l(llushr.o)
    0x080002f0   0x080002f0   0x00000000   Code   RO         5389    .text               mc_w.l(iusefp.o)
    0x080002f0   0x080002f0   0x0000002e   Code   RO         5390    .text               mf_w.l(dscalb.o)
    0x0800031e   0x0800031e   0x00000002   PAD
    0x08000320   0x08000320   0x00000024   Code   RO         5392    .text               mc_w.l(init.o)
    0x08000344   0x08000344   0x00000160   Code   RO         2743    i.ADC_ConfigureBoostMode  stm32h7xx_hal_adc.o
    0x080004a4   0x080004a4   0x00000114   Code   RO         2744    i.ADC_ConversionStop  stm32h7xx_hal_adc.o
    0x080005b8   0x080005b8   0x00000088   Code   RO         2748    i.ADC_Disable       stm32h7xx_hal_adc.o
    0x08000640   0x08000640   0x000000c0   Code   RO         2749    i.ADC_Enable        stm32h7xx_hal_adc.o
    0x08000700   0x08000700   0x00000104   Code   RO         5232    i.Cal_Last_Stable   ical_motor.o
    0x08000804   0x08000804   0x00000438   Code   RO         5234    i.Cal_Last_Stable_Second_Line  ical_motor.o
    0x08000c3c   0x08000c3c   0x000005bc   Code   RO         5235    i.Cal_Weight_Line_Stable  ical_motor.o
    0x080011f8   0x080011f8   0x00000010   Code   RO         4324    i.DMA1_Stream5_IRQHandler  stm32h7xx_it.o
    0x08001208   0x08001208   0x00000002   Code   RO         4326    i.DebugMon_Handler  stm32h7xx_it.o
    0x0800120a   0x0800120a   0x00000002   PAD
    0x0800120c   0x0800120c   0x0000013c   Code   RO         5101    i.Display_C_Parameter  display_function.o
    0x08001348   0x08001348   0x00000124   Code   RO         5237    i.Display_Cal_Page  ical_motor.o
    0x0800146c   0x0800146c   0x00000054   Code   RO         5054    i.Display_Num_LCD   common.o
    0x080014c0   0x080014c0   0x000000ec   Code   RO         5102    i.Display_Set_Page  display_function.o
    0x080015ac   0x080015ac   0x00000080   Code   RO         5239    i.Display_Stable_Page  ical_motor.o
    0x0800162c   0x0800162c   0x000000bc   Code   RO         5104    i.Display_Weight_Interface  display_function.o
    0x080016e8   0x080016e8   0x00000006   Code   RO         4478    i.Error_Handler     main.o
    0x080016ee   0x080016ee   0x00000002   PAD
    0x080016f0   0x080016f0   0x000000b8   Code   RO         3005    i.HAL_ADCEx_Calibration_Start  stm32h7xx_hal_adc_ex.o
    0x080017a8   0x080017a8   0x0000053c   Code   RO         2751    i.HAL_ADC_ConfigChannel  stm32h7xx_hal_adc.o
    0x08001ce4   0x08001ce4   0x00000240   Code   RO         2754    i.HAL_ADC_DeInit    stm32h7xx_hal_adc.o
    0x08001f24   0x08001f24   0x00000008   Code   RO         2758    i.HAL_ADC_GetValue  stm32h7xx_hal_adc.o
    0x08001f2c   0x08001f2c   0x0000028c   Code   RO         2760    i.HAL_ADC_Init      stm32h7xx_hal_adc.o
    0x080021b8   0x080021b8   0x00000028   Code   RO         1790    i.HAL_Delay         stm32h7xx_hal.o
    0x080021e0   0x080021e0   0x00000018   Code   RO         4872    i.HAL_GPIOB_ReadValue  cpld.o
    0x080021f8   0x080021f8   0x00000002   Code   RO         2120    i.HAL_GPIO_EXTI_Callback  stm32h7xx_hal_gpio.o
    0x080021fa   0x080021fa   0x00000002   PAD
    0x080021fc   0x080021fc   0x0000001c   Code   RO         2121    i.HAL_GPIO_EXTI_IRQHandler  stm32h7xx_hal_gpio.o
    0x08002218   0x08002218   0x00000208   Code   RO         2122    i.HAL_GPIO_Init     stm32h7xx_hal_gpio.o
    0x08002420   0x08002420   0x0000000c   Code   RO         2126    i.HAL_GPIO_WritePin  stm32h7xx_hal_gpio.o
    0x0800242c   0x0800242c   0x00000002   Code   RO         3818    i.HAL_I2C_AddrCallback  stm32h7xx_hal_i2c.o
    0x0800242e   0x0800242e   0x00000076   Code   RO         3821    i.HAL_I2C_ER_IRQHandler  stm32h7xx_hal_i2c.o
    0x080024a4   0x080024a4   0x0000001c   Code   RO         3822    i.HAL_I2C_EV_IRQHandler  stm32h7xx_hal_i2c.o
    0x080024c0   0x080024c0   0x0000000c   Code   RO         4479    i.HAL_I2C_ErrorCallback  main.o
    0x080024cc   0x080024cc   0x00000002   Code   RO         3854    i.HAL_I2C_SlaveRxCpltCallback  stm32h7xx_hal_i2c.o
    0x080024ce   0x080024ce   0x00000002   PAD
    0x080024d0   0x080024d0   0x00000058   Code   RO         1814    i.HAL_InitTick      stm32h7xx_hal.o
    0x08002528   0x08002528   0x00000060   Code   RO          991    i.HAL_PWREx_ConfigSupply  stm32h7xx_hal_pwr_ex.o
    0x08002588   0x08002588   0x00000230   Code   RO         2375    i.HAL_RCCEx_GetPLL2ClockFreq  stm32h7xx_hal_rcc_ex.o
    0x080027b8   0x080027b8   0x00000394   Code   RO         2378    i.HAL_RCCEx_GetPeriphCLKFreq  stm32h7xx_hal_rcc_ex.o
    0x08002b4c   0x08002b4c   0x00000320   Code   RO         2186    i.HAL_RCC_ClockConfig  stm32h7xx_hal_rcc.o
    0x08002e6c   0x08002e6c   0x0000004c   Code   RO         2191    i.HAL_RCC_GetHCLKFreq  stm32h7xx_hal_rcc.o
    0x08002eb8   0x08002eb8   0x00000024   Code   RO         2194    i.HAL_RCC_GetPCLK2Freq  stm32h7xx_hal_rcc.o
    0x08002edc   0x08002edc   0x0000022c   Code   RO         2195    i.HAL_RCC_GetSysClockFreq  stm32h7xx_hal_rcc.o
    0x08003108   0x08003108   0x000007d4   Code   RO         2198    i.HAL_RCC_OscConfig  stm32h7xx_hal_rcc.o
    0x080038dc   0x080038dc   0x00000194   Code   RO         4564    i.HAL_SPI_MspInit   stm32h7xx_hal_msp.o
    0x08003a70   0x08003a70   0x00000002   Code   RO         3395    i.HAL_UARTEx_RxFifoFullCallback  stm32h7xx_hal_uart_ex.o
    0x08003a72   0x08003a72   0x00000002   Code   RO         3400    i.HAL_UARTEx_WakeupCallback  stm32h7xx_hal_uart_ex.o
    0x08003a74   0x08003a74   0x00000002   Code   RO         1402    i.HAL_UART_ErrorCallback  stm32h7xx_hal_uart.o
    0x08003a76   0x08003a76   0x00000078   Code   RO         1406    i.HAL_UART_Init     stm32h7xx_hal_uart.o
    0x08003aee   0x08003aee   0x00000002   PAD
    0x08003af0   0x08003af0   0x00000368   Code   RO         4565    i.HAL_UART_MspInit  stm32h7xx_hal_msp.o
    0x08003e58   0x08003e58   0x00000002   Code   RO         1418    i.HAL_UART_TxCpltCallback  stm32h7xx_hal_uart.o
    0x08003e5a   0x08003e5a   0x00000002   PAD
    0x08003e5c   0x08003e5c   0x00000010   Code   RO         4328    i.I2C1_ER_IRQHandler  stm32h7xx_it.o
    0x08003e6c   0x08003e6c   0x00000022   Code   RO         3867    i.I2C_DMAAbort      stm32h7xx_hal_i2c.o
    0x08003e8e   0x08003e8e   0x00000028   Code   RO         3875    i.I2C_Flush_TXDR    stm32h7xx_hal_i2c.o
    0x08003eb6   0x08003eb6   0x000000ce   Code   RO         3876    i.I2C_ITAddrCplt    stm32h7xx_hal_i2c.o
    0x08003f84   0x08003f84   0x0000030c   Code   RO         3881    i.I2C_ITSlaveCplt   stm32h7xx_hal_i2c.o
    0x08004290   0x08004290   0x0000008c   Code   RO         3882    i.I2C_ITSlaveSeqCplt  stm32h7xx_hal_i2c.o
    0x0800431c   0x0800431c   0x00000098   Code   RO         3883    i.I2C_IsAcknowledgeFailed  stm32h7xx_hal_i2c.o
    0x080043b4   0x080043b4   0x0000007c   Code   RO         3887    i.I2C_RequestMemoryWrite  stm32h7xx_hal_i2c.o
    0x08004430   0x08004430   0x0000005a   Code   RO         3895    i.I2C_WaitOnTXISFlagUntilTimeout  stm32h7xx_hal_i2c.o
    0x0800448a   0x0800448a   0x0000000a   Code   RO         2775    i.LL_ADC_INJ_IsConversionOngoing  stm32h7xx_hal_adc.o
    0x08004494   0x08004494   0x0000000a   Code   RO         2777    i.LL_ADC_IsEnabled  stm32h7xx_hal_adc.o
    0x0800449e   0x0800449e   0x0000000a   Code   RO         2779    i.LL_ADC_REG_IsConversionOngoing  stm32h7xx_hal_adc.o
    0x080044a8   0x080044a8   0x00000010   Code   RO         2781    i.LL_ADC_REG_StartConversion  stm32h7xx_hal_adc.o
    0x080044b8   0x080044b8   0x0000000e   Code   RO         4913    i.Lcd_Dispay_Menu   lcd.o
    0x080044c6   0x080044c6   0x00000002   PAD
    0x080044c8   0x080044c8   0x000000f8   Code   RO         4914    i.Lcd_Dispay_Process  lcd.o
    0x080045c0   0x080045c0   0x000000ac   Code   RO         4915    i.Lcd_Display_Range  lcd.o
    0x0800466c   0x0800466c   0x00000040   Code   RO         4920    i.Lcd_On_off_function  lcd.o
    0x080046ac   0x080046ac   0x00000038   Code   RO         4923    i.Lcd_Send_Commond  lcd.o
    0x080046e4   0x080046e4   0x00000024   Code   RO         4804    i.M24C64_Write      flash.o
    0x08004708   0x08004708   0x0000004c   Code   RO         4805    i.M24C64_Write_double  flash.o
    0x08004754   0x08004754   0x000000b8   Code   RO         4707    i.MX_ADC_Init       adc.o
    0x0800480c   0x0800480c   0x00000134   Code   RO         4604    i.MX_GPIO_Init      gpio.o
    0x08004940   0x08004940   0x00000038   Code   RO         4738    i.MX_I2C1_Init      i2c.o
    0x08004978   0x08004978   0x00000048   Code   RO         4769    i.MX_SPI6_Init      spi.o
    0x080049c0   0x080049c0   0x00000048   Code   RO         4635    i.MX_USART6_UART_Init  uart.o
    0x08004a08   0x08004a08   0x00000004   Code   RO         4330    i.MemManage_Handler  stm32h7xx_it.o
    0x08004a0c   0x08004a0c   0x00000002   Code   RO         4332    i.PendSV_Handler    stm32h7xx_it.o
    0x08004a0e   0x08004a0e   0x00000002   PAD
    0x08004a10   0x08004a10   0x00000074   Code   RO         5019    i.Send_Modbus_Buf   modbus.o
    0x08004a84   0x08004a84   0x00000014   Code   RO         4336    i.UART5_IRQHandler  stm32h7xx_it.o
    0x08004a98   0x08004a98   0x00000014   Code   RO         4338    i.UART8_IRQHandler  stm32h7xx_it.o
    0x08004aac   0x08004aac   0x00000022   Code   RO         1433    i.UART_EndTransmit_IT  stm32h7xx_hal_uart.o
    0x08004ace   0x08004ace   0x00000062   Code   RO         1441    i.UART_TxISR_16BIT_FIFOEN  stm32h7xx_hal_uart.o
    0x08004b30   0x08004b30   0x00000042   Code   RO         1442    i.UART_TxISR_8BIT   stm32h7xx_hal_uart.o
    0x08004b72   0x08004b72   0x0000005c   Code   RO         1443    i.UART_TxISR_8BIT_FIFOEN  stm32h7xx_hal_uart.o
    0x08004bce   0x08004bce   0x00000002   PAD
    0x08004bd0   0x08004bd0   0x00000014   Code   RO         4340    i.USART3_IRQHandler  stm32h7xx_it.o
    0x08004be4   0x08004be4   0x00000014   Code   RO         4638    i.Uart_Init         uart.o
    0x08004bf8   0x08004bf8   0x00000030   Code   RO         5347    i.__ARM_fpclassify  m_wv.l(fpclassify.o)
    0x08004c28   0x08004c28   0x00000010   Code   RO         2616    i.__NVIC_GetPriorityGrouping  stm32h7xx_hal_cortex.o
    0x08004c38   0x08004c38   0x00000028   Code   RO         2617    i.__NVIC_SetPriority  stm32h7xx_hal_cortex.o
    0x08004c60   0x08004c60   0x00000070   Code   RO         5349    i.__kernel_poly     m_wv.l(poly.o)
    0x08004cd0   0x08004cd0   0x00000006   Code   RO         5329    i.__mathlib_dbl_infnan2  m_wv.l(dunder.o)
    0x08004cd6   0x08004cd6   0x00000002   PAD
    0x08004cd8   0x08004cd8   0x00000018   Code   RO         5331    i.__mathlib_dbl_overflow  m_wv.l(dunder.o)
    0x08004cf0   0x08004cf0   0x0000000e   Code   RO         5396    i.__scatterload_copy  mc_w.l(handlers.o)
    0x08004cfe   0x08004cfe   0x00000002   Code   RO         5397    i.__scatterload_null  mc_w.l(handlers.o)
    0x08004d00   0x08004d00   0x0000000e   Code   RO         5398    i.__scatterload_zeroinit  mc_w.l(handlers.o)
    0x08004d0e   0x08004d0e   0x00000002   PAD
    0x08004d10   0x08004d10   0x0000000c   Code   RO         5384    i.__set_errno       mc_w.l(errno.o)
    0x08004d1c   0x08004d1c   0x00000018   Code   RO         5343    i.fabs              m_wv.l(fabs.o)
    0x08004d34   0x08004d34   0x00000060   Code   RO         4483    i.main              main.o
    0x08004d94   0x08004d94   0x00000012   Code   RO         4484    i.mx_loop           main.o
    0x08004da6   0x08004da6   0x00000002   PAD
    0x08004da8   0x08004da8   0x00000038   Code   RO         5020    i.pro_crc16         modbus.o
    0x08004de0   0x08004de0   0x0000006a   Code   RO         5354    i.sqrt              m_wv.l(sqrt.o)
    0x08004e4a   0x08004e4a   0x00000002   PAD
    0x08004e4c   0x08004e4c   0x000000c8   Code   RO         5173    i.tare              math.o
    0x08004f14   0x08004f14   0x00000aa4   Code   RO         5174    i.units_LONG_TO_disSEG  math.o
    0x080059b8   0x080059b8   0x0000026c   Code   RO         5177    i.wt_track          math.o
    0x08005c24   0x08005c24   0x00000018   Data   RO         1445    .constdata          stm32h7xx_hal_uart.o
    0x08005c3c   0x08005c3c   0x00000008   Data   RO         5107    .constdata          display_function.o
    0x08005c44   0x08005c44   0x00000004   PAD
    0x08005c48   0x08005c48   0x00000088   Data   RO         5309    .constdata          m_wv.l(pow.o)
    0x08005cd0   0x08005cd0   0x00000020   Data   RO         5394    Region$$Table       anon$$obj.o


    Execution Region RW_IRAM1 (Exec base: 0x20000000, Load base: 0x08005cf0, Size: 0x00000000, Max: 0x00020000, ABSOLUTE)

    **** No section assigned to this execution region ****


    Execution Region RW_IRAM2 (Exec base: 0x24000000, Load base: 0x08005cf0, Size: 0x00002098, Max: 0x00080000, ABSOLUTE, COMPRESSED[0x0000026c])

    Exec Addr    Load Addr    Size         Type   Attr      Idx    E Section Name        Object

    0x24000000   COMPRESSED   0x00000009   Data   RW         1835    .data               stm32h7xx_hal.o
    0x24000009   COMPRESSED   0x00000003   PAD
    0x2400000c   COMPRESSED   0x00000008   Data   RW         4289    .data               system_stm32h7xx.o
    0x24000014   COMPRESSED   0x000000b4   Data   RW         4486    .data               main.o
    0x240000c8   COMPRESSED   0x0000008c   Data   RW         4808    .data               flash.o
    0x24000154   COMPRESSED   0x00000002   Data   RW         4874    .data               cpld.o
    0x24000156   COMPRESSED   0x00000005   Data   RW         4925    .data               lcd.o
    0x2400015b   COMPRESSED   0x00000200   Data   RW         5022    .data               modbus.o
    0x2400035b   COMPRESSED   0x00000005   Data   RW         5070    .data               key.o
    0x24000360   COMPRESSED   0x0000002a   Data   RW         5108    .data               display_function.o
    0x2400038a   COMPRESSED   0x00000002   PAD
    0x2400038c   COMPRESSED   0x0000005e   Data   RW         5178    .data               math.o
    0x240003ea   COMPRESSED   0x0000016d   Data   RW         5241    .data               ical_motor.o
    0x24000557   COMPRESSED   0x00000001   PAD
    0x24000558   COMPRESSED   0x00000004   Data   RW         5385    .data               mc_w.l(errno.o)
    0x2400055c   COMPRESSED   0x00000004   PAD
    0x24000560        -       0x00000100   Zero   RW         4485    .bss                main.o
    0x24000660        -       0x000003d4   Zero   RW         4639    .bss                uart.o
    0x24000a34        -       0x00000080   Zero   RW         4708    .bss                adc.o
    0x24000ab4        -       0x0000004c   Zero   RW         4739    .bss                i2c.o
    0x24000b00        -       0x00000088   Zero   RW         4770    .bss                spi.o
    0x24000b88        -       0x00000dd0   Zero   RW         4807    .bss                flash.o
    0x24001958        -       0x00000100   Zero   RW         5021    .bss                modbus.o
    0x24001a58        -       0x00000240   Zero   RW         5240    .bss                ical_motor.o
    0x24001c98        -       0x00000400   Zero   RW         4276    STACK               startup_stm32h743xx.o



  Load Region LR_IROM2 (Base: 0x08100000, Size: 0x00005d00, Max: 0x00100000, ABSOLUTE)

    Execution Region ER_IROM2 (Exec base: 0x08100000, Load base: 0x08100000, Size: 0x00005d00, Max: 0x00100000, ABSOLUTE)

    Exec Addr    Load Addr    Size         Type   Attr      Idx    E Section Name        Object

    0x08100000   0x08100000   0x00000062   Code   RO         5323    .text               mc_w.l(uldiv.o)
    0x08100062   0x08100062   0x00000024   Code   RO         5325    .text               mc_w.l(memseta.o)
    0x08100086   0x08100086   0x0000001e   Code   RO         5378    .text               mc_w.l(llshl.o)
    0x081000a4   0x081000a4   0x00000056   Code   RO         5402    .text               mc_w.l(__dczerorl2.o)
    0x081000fa   0x081000fa   0x00000004   Code   RO         4323    i.BusFault_Handler  stm32h7xx_it.o
    0x081000fe   0x081000fe   0x00000002   PAD
    0x08100100   0x08100100   0x00000438   Code   RO         5233    i.Cal_Last_Stable_First_Line  ical_motor.o
    0x08100538   0x08100538   0x00000010   Code   RO         4325    i.DMA1_Stream6_IRQHandler  stm32h7xx_it.o
    0x08100548   0x08100548   0x000000ec   Code   RO         5099    i.Display_Add_Page  display_function.o
    0x08100634   0x08100634   0x0000008c   Code   RO         5100    i.Display_C_Count   display_function.o
    0x081006c0   0x081006c0   0x00000090   Code   RO         5236    i.Display_Cal_Ex_Page  ical_motor.o
    0x08100750   0x08100750   0x0000034c   Code   RO         5238    i.Display_Cal_Span_Page  ical_motor.o
    0x08100a9c   0x08100a9c   0x0000016c   Code   RO         5103    i.Display_Set_Parameter_Page  display_function.o
    0x08100c08   0x08100c08   0x00000120   Code   RO         5105    i.Display_Weight_Page  display_function.o
    0x08100d28   0x08100d28   0x0000066c   Code   RO         4871    i.EXTI3_IRQHandler  cpld.o
    0x08101394   0x08101394   0x00000064   Code   RO         5106    i.Function_Selection  display_function.o
    0x081013f8   0x081013f8   0x00000002   Code   RO         2762    i.HAL_ADC_MspDeInit  stm32h7xx_hal_adc.o
    0x081013fa   0x081013fa   0x00000002   PAD
    0x081013fc   0x081013fc   0x00000078   Code   RO         4562    i.HAL_ADC_MspInit   stm32h7xx_hal_msp.o
    0x08101474   0x08101474   0x00000134   Code   RO         2766    i.HAL_ADC_Start     stm32h7xx_hal_adc.o
    0x081015a8   0x081015a8   0x00000398   Code   RO         1268    i.HAL_DMA_Abort_IT  stm32h7xx_hal_dma.o
    0x08101940   0x08101940   0x00000008   Code   RO         1271    i.HAL_DMA_GetState  stm32h7xx_hal_dma.o
    0x08101948   0x08101948   0x00000af8   Code   RO         1272    i.HAL_DMA_IRQHandler  stm32h7xx_hal_dma.o
    0x08102440   0x08102440   0x0000000c   Code   RO         1805    i.HAL_GetREVID      stm32h7xx_hal.o
    0x0810244c   0x0810244c   0x0000000c   Code   RO         1806    i.HAL_GetTick       stm32h7xx_hal.o
    0x08102458   0x08102458   0x00000002   Code   RO         3817    i.HAL_I2C_AbortCpltCallback  stm32h7xx_hal_i2c.o
    0x0810245a   0x0810245a   0x00000002   PAD
    0x0810245c   0x0810245c   0x000000c4   Code   RO         3828    i.HAL_I2C_Init      stm32h7xx_hal_i2c.o
    0x08102520   0x08102520   0x00000002   Code   RO         3830    i.HAL_I2C_ListenCpltCallback  stm32h7xx_hal_i2c.o
    0x08102522   0x08102522   0x00000002   PAD
    0x08102524   0x08102524   0x000001a0   Code   RO         3846    i.HAL_I2C_Mem_Read  stm32h7xx_hal_i2c.o
    0x081026c4   0x081026c4   0x00000198   Code   RO         3849    i.HAL_I2C_Mem_Write  stm32h7xx_hal_i2c.o
    0x0810285c   0x0810285c   0x000000b8   Code   RO         4563    i.HAL_I2C_MspInit   stm32h7xx_hal_msp.o
    0x08102914   0x08102914   0x00000002   Code   RO         3855    i.HAL_I2C_SlaveTxCpltCallback  stm32h7xx_hal_i2c.o
    0x08102916   0x08102916   0x00000002   PAD
    0x08102918   0x08102918   0x00000018   Code   RO         1812    i.HAL_IncTick       stm32h7xx_hal.o
    0x08102930   0x08102930   0x00000060   Code   RO         1813    i.HAL_Init          stm32h7xx_hal.o
    0x08102990   0x08102990   0x00000002   Code   RO         1816    i.HAL_MspInit       stm32h7xx_hal.o
    0x08102992   0x08102992   0x00000020   Code   RO         2603    i.HAL_NVIC_EnableIRQ  stm32h7xx_hal_cortex.o
    0x081029b2   0x081029b2   0x0000007a   Code   RO         2609    i.HAL_NVIC_SetPriority  stm32h7xx_hal_cortex.o
    0x08102a2c   0x08102a2c   0x00000028   Code   RO         2610    i.HAL_NVIC_SetPriorityGrouping  stm32h7xx_hal_cortex.o
    0x08102a54   0x08102a54   0x00000024   Code   RO         2373    i.HAL_RCCEx_GetD3PCLK1Freq  stm32h7xx_hal_rcc_ex.o
    0x08102a78   0x08102a78   0x00000230   Code   RO         2374    i.HAL_RCCEx_GetPLL1ClockFreq  stm32h7xx_hal_rcc_ex.o
    0x08102ca8   0x08102ca8   0x00000230   Code   RO         2376    i.HAL_RCCEx_GetPLL3ClockFreq  stm32h7xx_hal_rcc_ex.o
    0x08102ed8   0x08102ed8   0x00000024   Code   RO         2193    i.HAL_RCC_GetPCLK1Freq  stm32h7xx_hal_rcc.o
    0x08102efc   0x08102efc   0x00000260   Code   RO         3500    i.HAL_SPI_Init      stm32h7xx_hal_spi.o
    0x0810315c   0x0810315c   0x00000034   Code   RO         2614    i.HAL_SYSTICK_Config  stm32h7xx_hal_cortex.o
    0x08103190   0x08103190   0x00000002   Code   RO         3399    i.HAL_UARTEx_TxFifoEmptyCallback  stm32h7xx_hal_uart_ex.o
    0x08103192   0x08103192   0x00000002   PAD
    0x08103194   0x08103194   0x0000020c   Code   RO         1405    i.HAL_UART_IRQHandler  stm32h7xx_hal_uart.o
    0x081033a0   0x081033a0   0x000000b8   Code   RO         1417    i.HAL_UART_Transmit_IT  stm32h7xx_hal_uart.o
    0x08103458   0x08103458   0x00000004   Code   RO         4327    i.HardFault_Handler  stm32h7xx_it.o
    0x0810345c   0x0810345c   0x00000010   Code   RO         4329    i.I2C1_EV_IRQHandler  stm32h7xx_it.o
    0x0810346c   0x0810346c   0x0000006e   Code   RO         3873    i.I2C_Disable_IRQ   stm32h7xx_hal_i2c.o
    0x081034da   0x081034da   0x00000002   PAD
    0x081034dc   0x081034dc   0x00000124   Code   RO         3877    i.I2C_ITError       stm32h7xx_hal_i2c.o
    0x08103600   0x08103600   0x00000070   Code   RO         3878    i.I2C_ITListenCplt  stm32h7xx_hal_i2c.o
    0x08103670   0x08103670   0x0000007c   Code   RO         3886    i.I2C_RequestMemoryRead  stm32h7xx_hal_i2c.o
    0x081036ec   0x081036ec   0x00000148   Code   RO         3889    i.I2C_Slave_ISR_IT  stm32h7xx_hal_i2c.o
    0x08103834   0x08103834   0x00000034   Code   RO         3890    i.I2C_TransferConfig  stm32h7xx_hal_i2c.o
    0x08103868   0x08103868   0x0000003a   Code   RO         3891    i.I2C_TreatErrorCallback  stm32h7xx_hal_i2c.o
    0x081038a2   0x081038a2   0x0000005e   Code   RO         3892    i.I2C_WaitOnFlagUntilTimeout  stm32h7xx_hal_i2c.o
    0x08103900   0x08103900   0x00000056   Code   RO         3894    i.I2C_WaitOnSTOPFlagUntilTimeout  stm32h7xx_hal_i2c.o
    0x08103956   0x08103956   0x00000002   PAD
    0x08103958   0x08103958   0x00000310   Code   RO         4800    i.INTflash          flash.o
    0x08103c68   0x08103c68   0x000002d0   Code   RO         5069    i.KEY_ADC_Value     key.o
    0x08103f38   0x08103f38   0x00000014   Code   RO         4911    i.LCD_DISPAY_CHANGE  lcd.o
    0x08103f4c   0x08103f4c   0x00000010   Code   RO         2772    i.LL_ADC_Enable     stm32h7xx_hal_adc.o
    0x08103f5c   0x08103f5c   0x0000000a   Code   RO         2774    i.LL_ADC_GetMultimode  stm32h7xx_hal_adc.o
    0x08103f66   0x08103f66   0x0000000a   Code   RO         2776    i.LL_ADC_IsDisableOngoing  stm32h7xx_hal_adc.o
    0x08103f70   0x08103f70   0x0000000a   Code   RO         2778    i.LL_ADC_IsInternalRegulatorEnabled  stm32h7xx_hal_adc.o
    0x08103f7a   0x08103f7a   0x00000028   Code   RO         2783    i.LL_ADC_SetChannelSamplingTime  stm32h7xx_hal_adc.o
    0x08103fa2   0x08103fa2   0x0000000c   Code   RO         2784    i.LL_ADC_SetCommonPathInternalCh  stm32h7xx_hal_adc.o
    0x08103fae   0x08103fae   0x0000000c   Code   RO         4912    i.Lcd_Delay         lcd.o
    0x08103fba   0x08103fba   0x00000002   PAD
    0x08103fbc   0x08103fbc   0x0000003c   Code   RO         4916    i.Lcd_Display_State  lcd.o
    0x08103ff8   0x08103ff8   0x00000088   Code   RO         4917    i.Lcd_Display_Uint  lcd.o
    0x08104080   0x08104080   0x00000054   Code   RO         4918    i.Lcd_INT1621       lcd.o
    0x081040d4   0x081040d4   0x0000002c   Code   RO         4919    i.Lcd_Int           lcd.o
    0x08104100   0x08104100   0x00000050   Code   RO         4921    i.Lcd_Send_1621data  lcd.o
    0x08104150   0x08104150   0x0000005c   Code   RO         4922    i.Lcd_Send_Buf      lcd.o
    0x081041ac   0x081041ac   0x00000024   Code   RO         4801    i.M24C64_Read       flash.o
    0x081041d0   0x081041d0   0x00000080   Code   RO         4802    i.M24C64_Read_double  flash.o
    0x08104250   0x08104250   0x000000c8   Code   RO         5172    i.MODE_DATA_PROCESS  math.o
    0x08104318   0x08104318   0x000000a8   Code   RO         4873    i.MX_Cpld_Init      cpld.o
    0x081043c0   0x081043c0   0x00000038   Code   RO         4924    i.MX_Lcd_Init       lcd.o
    0x081043f8   0x081043f8   0x00000048   Code   RO         4632    i.MX_USART3_UART_Init  uart.o
    0x08104440   0x08104440   0x00000048   Code   RO         4634    i.MX_USART5_UART_Init  uart.o
    0x08104488   0x08104488   0x00000048   Code   RO         4637    i.MX_USART8_UART_Init  uart.o
    0x081044d0   0x081044d0   0x00000002   Code   RO         4331    i.NMI_Handler       stm32h7xx_it.o
    0x081044d2   0x081044d2   0x0000001a   Code   RO         3530    i.SPI_GetPacketSize  stm32h7xx_hal_spi.o
    0x081044ec   0x081044ec   0x00000002   Code   RO         4333    i.SVC_Handler       stm32h7xx_it.o
    0x081044ee   0x081044ee   0x00000008   Code   RO         4334    i.SysTick_Handler   stm32h7xx_it.o
    0x081044f6   0x081044f6   0x00000002   PAD
    0x081044f8   0x081044f8   0x000000d0   Code   RO         4482    i.SystemClock_Config  main.o
    0x081045c8   0x081045c8   0x000000b0   Code   RO         4287    i.SystemInit        system_stm32h7xx.o
    0x08104678   0x08104678   0x00000014   Code   RO         4335    i.UART4_IRQHandler  stm32h7xx_it.o
    0x0810468c   0x0810468c   0x00000014   Code   RO         4337    i.UART7_IRQHandler  stm32h7xx_it.o
    0x081046a0   0x081046a0   0x000000f8   Code   RO         1420    i.UART_AdvFeatureConfig  stm32h7xx_hal_uart.o
    0x08104798   0x08104798   0x00000074   Code   RO         1421    i.UART_CheckIdleState  stm32h7xx_hal_uart.o
    0x0810480c   0x0810480c   0x00000018   Code   RO         1422    i.UART_DMAAbortOnError  stm32h7xx_hal_uart.o
    0x08104824   0x08104824   0x00000028   Code   RO         1432    i.UART_EndRxTransfer  stm32h7xx_hal_uart.o
    0x0810484c   0x0810484c   0x0000059c   Code   RO         1439    i.UART_SetConfig    stm32h7xx_hal_uart.o
    0x08104de8   0x08104de8   0x00000046   Code   RO         1440    i.UART_TxISR_16BIT  stm32h7xx_hal_uart.o
    0x08104e2e   0x08104e2e   0x000000be   Code   RO         1444    i.UART_WaitOnFlagUntilTimeout  stm32h7xx_hal_uart.o
    0x08104eec   0x08104eec   0x00000014   Code   RO         4339    i.USART2_IRQHandler  stm32h7xx_it.o
    0x08104f00   0x08104f00   0x00000014   Code   RO         4341    i.USART6_IRQHandler  stm32h7xx_it.o
    0x08104f14   0x08104f14   0x00000004   Code   RO         4342    i.UsageFault_Handler  stm32h7xx_it.o
    0x08104f18   0x08104f18   0x000008f8   Code   RO         5306    i.__hardfp_pow      m_wv.l(pow.o)
    0x08105810   0x08105810   0x00000020   Code   RO         5327    i.__mathlib_dbl_divzero  m_wv.l(dunder.o)
    0x08105830   0x08105830   0x00000018   Code   RO         5330    i.__mathlib_dbl_invalid  m_wv.l(dunder.o)
    0x08105848   0x08105848   0x00000018   Code   RO         5333    i.__mathlib_dbl_underflow  m_wv.l(dunder.o)
    0x08105860   0x08105860   0x00000374   Code   RO         5175    i.wt_filter         math.o
    0x08105bd4   0x08105bd4   0x00000110   Code   RO         5176    i.wt_line           math.o
    0x08105ce4   0x08105ce4   0x00000010   Data   RO         4288    .constdata          system_stm32h7xx.o
    0x08105cf4   0x08105cf4   0x00000004   PAD
    0x08105cf8   0x08105cf8   0x00000008   Data   RO         5351    .constdata          m_wv.l(qnan.o)


==============================================================================

Image component sizes


      Code (inc. data)   RO Data    RW Data    ZI Data      Debug   Object Name

       184         16          0          0        128        798   adc.o
        84          0          0          0          0        642   common.o
      1836         88          0          2          0       2540   cpld.o
      1868        166          8         42          0       6335   display_function.o
      1060        120          0        140       3536       7349   flash.o
       308         16          0          0          0       1051   gpio.o
        56         12          0          0         76        663   i2c.o
      5296        314          0        365        576       7261   ical_motor.o
       720         30          0          5          0       1287   key.o
      1138         70          0          5          0       8106   lcd.o
       340         32          0        180        256       3713   main.o
      4900        282          0         94          0       7503   math.o
       172         16          0        512        256       2505   modbus.o
        72         10          0          0        136        671   spi.o
        36          8        664          0       1024        792   startup_stm32h743xx.o
         0          0          0          0          0    1272016   stm32h743i_eval_io.o
       274         52          0          9          0      23666   stm32h7xx_hal.o
      3986        254          0          0          0      77172   stm32h7xx_hal_adc.o
       184         10          0          0          0      61410   stm32h7xx_hal_adc_ex.o
       302         22          0          0          0      39327   stm32h7xx_hal_cortex.o
      3736         46          0          0          0       5651   stm32h7xx_hal_dma.o
       562         56          0          0          0       3492   stm32h7xx_hal_gpio.o
      3998         70          0          0          0      22870   stm32h7xx_hal_i2c.o
      1580        100          0          0          0       4093   stm32h7xx_hal_msp.o
        96          6          0          0          0        761   stm32h7xx_hal_pwr_ex.o
      3508        108          0          0          0       6724   stm32h7xx_hal_rcc.o
      2632        110          0          0          0       5927   stm32h7xx_hal_rcc_ex.o
       634         12          0          0          0       2083   stm32h7xx_hal_spi.o
      3246        150         24          0          0      31394   stm32h7xx_hal_uart.o
         6          0          0          0          0       2133   stm32h7xx_hal_uart_ex.o
       236         48          0          0          0       9272   stm32h7xx_it.o
       176         24         16          8          0       1234   system_stm32h7xx.o
       308         40          0          0        980       2815   uart.o

    ----------------------------------------------------------------------
     43574       2288        752       1368       6968    1623256   Object Totals
         0          0         32          0          0          0   (incl. Generated)
        40          0          8          6          0          0   (incl. Padding)

    ----------------------------------------------------------------------

      Code (inc. data)   RO Data    RW Data    ZI Data      Debug   Library Member Name

       110         60          0          0          0        580   dunder.o
        24          0          0          0          0        124   fabs.o
        48          0          0          0          0        124   fpclassify.o
       112          0          0          0          0        116   poly.o
      2296        304        136          0          0        320   pow.o
         0          0          8          0          0          0   qnan.o
       106          0          0          0          0        140   sqrt.o
        86          0          0          0          0          0   __dczerorl2.o
         0          0          0          0          0          0   entry.o
         0          0          0          0          0          0   entry10a.o
         0          0          0          0          0          0   entry11a.o
         8          4          0          0          0          0   entry2.o
         4          0          0          0          0          0   entry5.o
         0          0          0          0          0          0   entry7b.o
         0          0          0          0          0          0   entry8b.o
         8          4          0          0          0          0   entry9a.o
        12          6          0          4          0         68   errno.o
        30          0          0          0          0          0   handlers.o
        36          8          0          0          0         68   init.o
         0          0          0          0          0          0   iusefp.o
        30          0          0          0          0         68   llshl.o
        32          0          0          0          0         68   llushr.o
        36          0          0          0          0        108   memseta.o
        98          0          0          0          0         92   uldiv.o
        46          0          0          0          0         80   dscalb.o

    ----------------------------------------------------------------------
      3130        386        144          4          4       1956   Library Totals
         8          0          0          0          4          0   (incl. Padding)

    ----------------------------------------------------------------------

      Code (inc. data)   RO Data    RW Data    ZI Data      Debug   Library Name

      2696        364        144          0          0       1404   m_wv.l
       380         22          0          4          0        472   mc_w.l
        46          0          0          0          0         80   mf_w.l

    ----------------------------------------------------------------------
      3130        386        144          4          4       1956   Library Totals

    ----------------------------------------------------------------------

==============================================================================


      Code (inc. data)   RO Data    RW Data    ZI Data      Debug   

     46704       2674        896       1372       6972    1606840   Grand Totals
     46704       2674        896        620       6972    1606840   ELF Image Totals (compressed)
     46704       2674        896        620          0          0   ROM Totals

==============================================================================

    Total RO  Size (Code + RO Data)                47600 (  46.48kB)
    Total RW  Size (RW Data + ZI Data)              8344 (   8.15kB)
    Total ROM Size (Code + RO Data + RW Data)      48220 (  47.09kB)

==============================================================================

